// Jest Snapshot v1, https://goo.gl/fbAQLP

exports[`components/fields/Checkbox.tsx should render 1`] = `
<div
  className="mt-1 mb-3 text-sm"
>
  <div
    className="flex items-start"
  >
    <div
      className="flex items-center h-5"
    >
      <input
        checked={true}
        className="focus:ring-indigo-500 h-4 w-4 text-indigo-600 border-gray-300 rounded"
        id="appearance"
        onChange={[MockFunction]}
        type="checkbox"
      />
    </div>
    <div
      className="ml-3 "
    >
      <label
        className="font-medium text-gray-700 dark:text-gray-200"
        htmlFor="appearance"
      >
        Appearance
      </label>
    </div>
  </div>
  <div
    className="text-xs mt-1 italic text-gray-500 dark:text-gray-300"
  >
    This is some helper text
  </div>
</div>
`;
