// Jest Snapshot v1, https://goo.gl/fbAQLP

exports[`components/Oops.tsx should render itself & its children 1`] = `
<div
  className="flex flex-1 flex-col justify-center items-center p-4 bg-white dark:bg-gray-dark text-black dark:text-white"
>
  <h1
    className="text-5xl mb-5"
  >
    ðŸ”¥
  </h1>
  <h2
    className="font-semibold text-xl mb-2 text-semibold"
  >
    Error title
  </h2>
  <div
    className="text-center mb-2"
  >
    Error description
  </div>
</div>
`;
