// Jest Snapshot v1, https://goo.gl/fbAQLP

exports[`components/Sidebar.tsx should render itself & its children (logged in) 1`] = `
{
  "asFragment": [Function],
  "baseElement": <body>
    <div>
      <div
        class="fixed left-14 -ml-14 flex h-full w-14 flex-col overflow-y-auto bg-gray-sidebar"
      >
        <div
          class="flex flex-1 flex-col items-center py-4"
        >
          <button
            class="mx-auto my-3 w-5 cursor-pointer outline-none"
            data-testid="gitify-logo"
            title="Open Gitify on GitHub"
            type="button"
          >
            <svg
              aria-label="Open Gitify"
              class=""
              role="img"
              viewBox="0 0 500 500"
              xmlns="http://www.w3.org/2000/svg"
              xmlns:xlink="http://www.w3.org/1999/xlink"
            >
              <defs>
                <lineargradient
                  id="linearGradient-light"
                  x1="90.8779989%"
                  x2="-1.30249747%"
                  y1="80.0676288%"
                  y2="32.7108237%"
                >
                  <stop
                    offset="0%"
                    stop-color="#CCCCCC"
                  />
                  <stop
                    offset="100%"
                    stop-color="#FFFFFF"
                  />
                </lineargradient>
              </defs>
              <g
                fill="none"
                fill-rule="evenodd"
                stroke="none"
                stroke-width="1"
              >
                <g
                  fill="url(#linearGradient-light)"
                  fill-rule="nonzero"
                  id="Logo"
                  transform="translate(6.000000, 6.000000)"
                >
                  <path
                    d="M330.391053,10.2526316 C361.413773,10.2526316 386.562656,35.4015165 386.562656,66.4242368 C386.562656,97.4469571 361.413773,122.595841 330.391053,122.595842 L330.365421,122.570211 L247.319105,122.570211 C180.042515,122.499128 125.399186,176.890222 125.159,244.166421 L125.133789,244.219632 L125.154247,245.84774 C126.219609,301.255958 164.473457,349.116728 218.453292,362.268048 C272.940509,375.542983 329.466993,350.045988 355.583747,300.428701 L272.258632,300.427737 C257.346614,300.427737 243.046846,294.496977 232.512078,283.942976 C221.97731,273.388975 216.072618,259.078414 216.099748,244.166421 C216.099748,213.150778 241.242989,188.007632 272.258632,188.007632 L371.119632,188.007632 C379.28704,188.480415 386.935401,192.166372 392.393842,198.260263 L474.869789,300.324632 L474.978789,300.325211 L474.952789,300.426632 L474.953158,300.427737 L474.951789,300.427632 L474.173714,303.448935 C446.939817,406.220475 353.906452,478.028529 247.319105,478.080211 C118.007789,478.080211 12.8157895,373.144526 12.8157895,244.166421 C12.8157895,115.188316 117.905263,10.2526316 247.319105,10.2526316 L330.391053,10.2526316 Z"
                  />
                </g>
              </g>
            </svg>
          </button>
          <button
            class="my-1 flex cursor-pointer items-center justify-around self-stretch px-2 py-1 text-xs font-extrabold text-green-500"
            title="4 Unread Notifications"
            type="button"
          >
            <svg
              aria-label="4 Unread Notifications"
              class="octicon octicon-bell"
              fill="currentColor"
              focusable="false"
              height="12"
              role="img"
              style="display: inline-block; user-select: none; vertical-align: text-bottom; overflow: visible;"
              viewBox="0 0 16 16"
              width="12"
            >
              <path
                d="M8 16a2 2 0 0 0 1.985-1.75c.017-.137-.097-.25-.235-.25h-3.5c-.138 0-.252.113-.235.25A2 2 0 0 0 8 16ZM3 5a5 5 0 0 1 10 0v2.947c0 .05.015.098.042.139l1.703 2.555A1.519 1.519 0 0 1 13.482 13H2.518a1.516 1.516 0 0 1-1.263-2.36l1.703-2.554A.255.255 0 0 0 3 7.947Zm5-3.5A3.5 3.5 0 0 0 4.5 5v2.947c0 .346-.102.683-.294.97l-1.703 2.556a.017.017 0 0 0-.003.01l.001.006c0 .002.002.004.004.006l.006.004.007.001h10.964l.007-.001.006-.004.004-.006.001-.007a.017.017 0 0 0-.003-.01l-1.703-2.554a1.745 1.745 0 0 1-.294-.97V5A3.5 3.5 0 0 0 8 1.5Z"
              />
            </svg>
            4
          </button>
        </div>
        <div
          class="px-3 py-4"
        >
          <button
            aria-label="Quit Gitify"
            class="flex justify-evenly items-center bg-transparent border-0 w-full text-sm text-white my-1 py-2 cursor-pointer hover:text-gray-500 focus:outline-none disabled:text-gray-500 disabled:cursor-default"
            title="Quit Gitify"
            type="button"
          >
            <svg
              aria-label="Quit Gitify"
              class="octicon octicon-x-circle"
              fill="currentColor"
              focusable="false"
              height="16"
              role="img"
              style="display: inline-block; user-select: none; vertical-align: text-bottom; overflow: visible;"
              viewBox="0 0 16 16"
              width="16"
            >
              <path
                d="M2.344 2.343h-.001a8 8 0 0 1 11.314 11.314A8.002 8.002 0 0 1 .234 10.089a8 8 0 0 1 2.11-7.746Zm1.06 10.253a6.5 6.5 0 1 0 9.108-9.275 6.5 6.5 0 0 0-9.108 9.275ZM6.03 4.97 8 6.94l1.97-1.97a.749.749 0 0 1 1.275.326.749.749 0 0 1-.215.734L9.06 8l1.97 1.97a.749.749 0 0 1-.326 1.275.749.749 0 0 1-.734-.215L8 9.06l-1.97 1.97a.749.749 0 0 1-1.275-.326.749.749 0 0 1 .215-.734L6.94 8 4.97 6.03a.751.751 0 0 1 .018-1.042.751.751 0 0 1 1.042-.018Z"
              />
            </svg>
          </button>
        </div>
      </div>
    </div>
  </body>,
  "container": <div>
    <div
      class="fixed left-14 -ml-14 flex h-full w-14 flex-col overflow-y-auto bg-gray-sidebar"
    >
      <div
        class="flex flex-1 flex-col items-center py-4"
      >
        <button
          class="mx-auto my-3 w-5 cursor-pointer outline-none"
          data-testid="gitify-logo"
          title="Open Gitify on GitHub"
          type="button"
        >
          <svg
            aria-label="Open Gitify"
            class=""
            role="img"
            viewBox="0 0 500 500"
            xmlns="http://www.w3.org/2000/svg"
            xmlns:xlink="http://www.w3.org/1999/xlink"
          >
            <defs>
              <lineargradient
                id="linearGradient-light"
                x1="90.8779989%"
                x2="-1.30249747%"
                y1="80.0676288%"
                y2="32.7108237%"
              >
                <stop
                  offset="0%"
                  stop-color="#CCCCCC"
                />
                <stop
                  offset="100%"
                  stop-color="#FFFFFF"
                />
              </lineargradient>
            </defs>
            <g
              fill="none"
              fill-rule="evenodd"
              stroke="none"
              stroke-width="1"
            >
              <g
                fill="url(#linearGradient-light)"
                fill-rule="nonzero"
                id="Logo"
                transform="translate(6.000000, 6.000000)"
              >
                <path
                  d="M330.391053,10.2526316 C361.413773,10.2526316 386.562656,35.4015165 386.562656,66.4242368 C386.562656,97.4469571 361.413773,122.595841 330.391053,122.595842 L330.365421,122.570211 L247.319105,122.570211 C180.042515,122.499128 125.399186,176.890222 125.159,244.166421 L125.133789,244.219632 L125.154247,245.84774 C126.219609,301.255958 164.473457,349.116728 218.453292,362.268048 C272.940509,375.542983 329.466993,350.045988 355.583747,300.428701 L272.258632,300.427737 C257.346614,300.427737 243.046846,294.496977 232.512078,283.942976 C221.97731,273.388975 216.072618,259.078414 216.099748,244.166421 C216.099748,213.150778 241.242989,188.007632 272.258632,188.007632 L371.119632,188.007632 C379.28704,188.480415 386.935401,192.166372 392.393842,198.260263 L474.869789,300.324632 L474.978789,300.325211 L474.952789,300.426632 L474.953158,300.427737 L474.951789,300.427632 L474.173714,303.448935 C446.939817,406.220475 353.906452,478.028529 247.319105,478.080211 C118.007789,478.080211 12.8157895,373.144526 12.8157895,244.166421 C12.8157895,115.188316 117.905263,10.2526316 247.319105,10.2526316 L330.391053,10.2526316 Z"
                />
              </g>
            </g>
          </svg>
        </button>
        <button
          class="my-1 flex cursor-pointer items-center justify-around self-stretch px-2 py-1 text-xs font-extrabold text-green-500"
          title="4 Unread Notifications"
          type="button"
        >
          <svg
            aria-label="4 Unread Notifications"
            class="octicon octicon-bell"
            fill="currentColor"
            focusable="false"
            height="12"
            role="img"
            style="display: inline-block; user-select: none; vertical-align: text-bottom; overflow: visible;"
            viewBox="0 0 16 16"
            width="12"
          >
            <path
              d="M8 16a2 2 0 0 0 1.985-1.75c.017-.137-.097-.25-.235-.25h-3.5c-.138 0-.252.113-.235.25A2 2 0 0 0 8 16ZM3 5a5 5 0 0 1 10 0v2.947c0 .05.015.098.042.139l1.703 2.555A1.519 1.519 0 0 1 13.482 13H2.518a1.516 1.516 0 0 1-1.263-2.36l1.703-2.554A.255.255 0 0 0 3 7.947Zm5-3.5A3.5 3.5 0 0 0 4.5 5v2.947c0 .346-.102.683-.294.97l-1.703 2.556a.017.017 0 0 0-.003.01l.001.006c0 .002.002.004.004.006l.006.004.007.001h10.964l.007-.001.006-.004.004-.006.001-.007a.017.017 0 0 0-.003-.01l-1.703-2.554a1.745 1.745 0 0 1-.294-.97V5A3.5 3.5 0 0 0 8 1.5Z"
            />
          </svg>
          4
        </button>
      </div>
      <div
        class="px-3 py-4"
      >
        <button
          aria-label="Quit Gitify"
          class="flex justify-evenly items-center bg-transparent border-0 w-full text-sm text-white my-1 py-2 cursor-pointer hover:text-gray-500 focus:outline-none disabled:text-gray-500 disabled:cursor-default"
          title="Quit Gitify"
          type="button"
        >
          <svg
            aria-label="Quit Gitify"
            class="octicon octicon-x-circle"
            fill="currentColor"
            focusable="false"
            height="16"
            role="img"
            style="display: inline-block; user-select: none; vertical-align: text-bottom; overflow: visible;"
            viewBox="0 0 16 16"
            width="16"
          >
            <path
              d="M2.344 2.343h-.001a8 8 0 0 1 11.314 11.314A8.002 8.002 0 0 1 .234 10.089a8 8 0 0 1 2.11-7.746Zm1.06 10.253a6.5 6.5 0 1 0 9.108-9.275 6.5 6.5 0 0 0-9.108 9.275ZM6.03 4.97 8 6.94l1.97-1.97a.749.749 0 0 1 1.275.326.749.749 0 0 1-.215.734L9.06 8l1.97 1.97a.749.749 0 0 1-.326 1.275.749.749 0 0 1-.734-.215L8 9.06l-1.97 1.97a.749.749 0 0 1-1.275-.326.749.749 0 0 1 .215-.734L6.94 8 4.97 6.03a.751.751 0 0 1 .018-1.042.751.751 0 0 1 1.042-.018Z"
            />
          </svg>
        </button>
      </div>
    </div>
  </div>,
  "debug": [Function],
  "findAllByAltText": [Function],
  "findAllByDisplayValue": [Function],
  "findAllByLabelText": [Function],
  "findAllByPlaceholderText": [Function],
  "findAllByRole": [Function],
  "findAllByTestId": [Function],
  "findAllByText": [Function],
  "findAllByTitle": [Function],
  "findByAltText": [Function],
  "findByDisplayValue": [Function],
  "findByLabelText": [Function],
  "findByPlaceholderText": [Function],
  "findByRole": [Function],
  "findByTestId": [Function],
  "findByText": [Function],
  "findByTitle": [Function],
  "getAllByAltText": [Function],
  "getAllByDisplayValue": [Function],
  "getAllByLabelText": [Function],
  "getAllByPlaceholderText": [Function],
  "getAllByRole": [Function],
  "getAllByTestId": [Function],
  "getAllByText": [Function],
  "getAllByTitle": [Function],
  "getByAltText": [Function],
  "getByDisplayValue": [Function],
  "getByLabelText": [Function],
  "getByPlaceholderText": [Function],
  "getByRole": [Function],
  "getByTestId": [Function],
  "getByText": [Function],
  "getByTitle": [Function],
  "queryAllByAltText": [Function],
  "queryAllByDisplayValue": [Function],
  "queryAllByLabelText": [Function],
  "queryAllByPlaceholderText": [Function],
  "queryAllByRole": [Function],
  "queryAllByTestId": [Function],
  "queryAllByText": [Function],
  "queryAllByTitle": [Function],
  "queryByAltText": [Function],
  "queryByDisplayValue": [Function],
  "queryByLabelText": [Function],
  "queryByPlaceholderText": [Function],
  "queryByRole": [Function],
  "queryByTestId": [Function],
  "queryByText": [Function],
  "queryByTitle": [Function],
  "rerender": [Function],
  "unmount": [Function],
}
`;

exports[`components/Sidebar.tsx should render itself & its children (logged out) 1`] = `
{
  "asFragment": [Function],
  "baseElement": <body>
    <div>
      <div
        class="fixed left-14 -ml-14 flex h-full w-14 flex-col overflow-y-auto bg-gray-sidebar"
      >
        <div
          class="flex flex-1 flex-col items-center py-4"
        >
          <button
            class="mx-auto my-3 w-5 cursor-pointer outline-none"
            data-testid="gitify-logo"
            title="Open Gitify on GitHub"
            type="button"
          >
            <svg
              aria-label="Open Gitify"
              class=""
              role="img"
              viewBox="0 0 500 500"
              xmlns="http://www.w3.org/2000/svg"
              xmlns:xlink="http://www.w3.org/1999/xlink"
            >
              <defs>
                <lineargradient
                  id="linearGradient-light"
                  x1="90.8779989%"
                  x2="-1.30249747%"
                  y1="80.0676288%"
                  y2="32.7108237%"
                >
                  <stop
                    offset="0%"
                    stop-color="#CCCCCC"
                  />
                  <stop
                    offset="100%"
                    stop-color="#FFFFFF"
                  />
                </lineargradient>
              </defs>
              <g
                fill="none"
                fill-rule="evenodd"
                stroke="none"
                stroke-width="1"
              >
                <g
                  fill="url(#linearGradient-light)"
                  fill-rule="nonzero"
                  id="Logo"
                  transform="translate(6.000000, 6.000000)"
                >
                  <path
                    d="M330.391053,10.2526316 C361.413773,10.2526316 386.562656,35.4015165 386.562656,66.4242368 C386.562656,97.4469571 361.413773,122.595841 330.391053,122.595842 L330.365421,122.570211 L247.319105,122.570211 C180.042515,122.499128 125.399186,176.890222 125.159,244.166421 L125.133789,244.219632 L125.154247,245.84774 C126.219609,301.255958 164.473457,349.116728 218.453292,362.268048 C272.940509,375.542983 329.466993,350.045988 355.583747,300.428701 L272.258632,300.427737 C257.346614,300.427737 243.046846,294.496977 232.512078,283.942976 C221.97731,273.388975 216.072618,259.078414 216.099748,244.166421 C216.099748,213.150778 241.242989,188.007632 272.258632,188.007632 L371.119632,188.007632 C379.28704,188.480415 386.935401,192.166372 392.393842,198.260263 L474.869789,300.324632 L474.978789,300.325211 L474.952789,300.426632 L474.953158,300.427737 L474.951789,300.427632 L474.173714,303.448935 C446.939817,406.220475 353.906452,478.028529 247.319105,478.080211 C118.007789,478.080211 12.8157895,373.144526 12.8157895,244.166421 C12.8157895,115.188316 117.905263,10.2526316 247.319105,10.2526316 L330.391053,10.2526316 Z"
                  />
                </g>
              </g>
            </svg>
          </button>
          <button
            class="my-1 flex cursor-pointer items-center justify-around self-stretch px-2 py-1 text-xs font-extrabold text-green-500"
            title="4 Unread Notifications"
            type="button"
          >
            <svg
              aria-label="4 Unread Notifications"
              class="octicon octicon-bell"
              fill="currentColor"
              focusable="false"
              height="12"
              role="img"
              style="display: inline-block; user-select: none; vertical-align: text-bottom; overflow: visible;"
              viewBox="0 0 16 16"
              width="12"
            >
              <path
                d="M8 16a2 2 0 0 0 1.985-1.75c.017-.137-.097-.25-.235-.25h-3.5c-.138 0-.252.113-.235.25A2 2 0 0 0 8 16ZM3 5a5 5 0 0 1 10 0v2.947c0 .05.015.098.042.139l1.703 2.555A1.519 1.519 0 0 1 13.482 13H2.518a1.516 1.516 0 0 1-1.263-2.36l1.703-2.554A.255.255 0 0 0 3 7.947Zm5-3.5A3.5 3.5 0 0 0 4.5 5v2.947c0 .346-.102.683-.294.97l-1.703 2.556a.017.017 0 0 0-.003.01l.001.006c0 .002.002.004.004.006l.006.004.007.001h10.964l.007-.001.006-.004.004-.006.001-.007a.017.017 0 0 0-.003-.01l-1.703-2.554a1.745 1.745 0 0 1-.294-.97V5A3.5 3.5 0 0 0 8 1.5Z"
              />
            </svg>
            4
          </button>
        </div>
        <div
          class="px-3 py-4"
        >
          <button
            aria-label="Quit Gitify"
            class="flex justify-evenly items-center bg-transparent border-0 w-full text-sm text-white my-1 py-2 cursor-pointer hover:text-gray-500 focus:outline-none disabled:text-gray-500 disabled:cursor-default"
            title="Quit Gitify"
            type="button"
          >
            <svg
              aria-label="Quit Gitify"
              class="octicon octicon-x-circle"
              fill="currentColor"
              focusable="false"
              height="16"
              role="img"
              style="display: inline-block; user-select: none; vertical-align: text-bottom; overflow: visible;"
              viewBox="0 0 16 16"
              width="16"
            >
              <path
                d="M2.344 2.343h-.001a8 8 0 0 1 11.314 11.314A8.002 8.002 0 0 1 .234 10.089a8 8 0 0 1 2.11-7.746Zm1.06 10.253a6.5 6.5 0 1 0 9.108-9.275 6.5 6.5 0 0 0-9.108 9.275ZM6.03 4.97 8 6.94l1.97-1.97a.749.749 0 0 1 1.275.326.749.749 0 0 1-.215.734L9.06 8l1.97 1.97a.749.749 0 0 1-.326 1.275.749.749 0 0 1-.734-.215L8 9.06l-1.97 1.97a.749.749 0 0 1-1.275-.326.749.749 0 0 1 .215-.734L6.94 8 4.97 6.03a.751.751 0 0 1 .018-1.042.751.751 0 0 1 1.042-.018Z"
              />
            </svg>
          </button>
        </div>
      </div>
    </div>
  </body>,
  "container": <div>
    <div
      class="fixed left-14 -ml-14 flex h-full w-14 flex-col overflow-y-auto bg-gray-sidebar"
    >
      <div
        class="flex flex-1 flex-col items-center py-4"
      >
        <button
          class="mx-auto my-3 w-5 cursor-pointer outline-none"
          data-testid="gitify-logo"
          title="Open Gitify on GitHub"
          type="button"
        >
          <svg
            aria-label="Open Gitify"
            class=""
            role="img"
            viewBox="0 0 500 500"
            xmlns="http://www.w3.org/2000/svg"
            xmlns:xlink="http://www.w3.org/1999/xlink"
          >
            <defs>
              <lineargradient
                id="linearGradient-light"
                x1="90.8779989%"
                x2="-1.30249747%"
                y1="80.0676288%"
                y2="32.7108237%"
              >
                <stop
                  offset="0%"
                  stop-color="#CCCCCC"
                />
                <stop
                  offset="100%"
                  stop-color="#FFFFFF"
                />
              </lineargradient>
            </defs>
            <g
              fill="none"
              fill-rule="evenodd"
              stroke="none"
              stroke-width="1"
            >
              <g
                fill="url(#linearGradient-light)"
                fill-rule="nonzero"
                id="Logo"
                transform="translate(6.000000, 6.000000)"
              >
                <path
                  d="M330.391053,10.2526316 C361.413773,10.2526316 386.562656,35.4015165 386.562656,66.4242368 C386.562656,97.4469571 361.413773,122.595841 330.391053,122.595842 L330.365421,122.570211 L247.319105,122.570211 C180.042515,122.499128 125.399186,176.890222 125.159,244.166421 L125.133789,244.219632 L125.154247,245.84774 C126.219609,301.255958 164.473457,349.116728 218.453292,362.268048 C272.940509,375.542983 329.466993,350.045988 355.583747,300.428701 L272.258632,300.427737 C257.346614,300.427737 243.046846,294.496977 232.512078,283.942976 C221.97731,273.388975 216.072618,259.078414 216.099748,244.166421 C216.099748,213.150778 241.242989,188.007632 272.258632,188.007632 L371.119632,188.007632 C379.28704,188.480415 386.935401,192.166372 392.393842,198.260263 L474.869789,300.324632 L474.978789,300.325211 L474.952789,300.426632 L474.953158,300.427737 L474.951789,300.427632 L474.173714,303.448935 C446.939817,406.220475 353.906452,478.028529 247.319105,478.080211 C118.007789,478.080211 12.8157895,373.144526 12.8157895,244.166421 C12.8157895,115.188316 117.905263,10.2526316 247.319105,10.2526316 L330.391053,10.2526316 Z"
                />
              </g>
            </g>
          </svg>
        </button>
        <button
          class="my-1 flex cursor-pointer items-center justify-around self-stretch px-2 py-1 text-xs font-extrabold text-green-500"
          title="4 Unread Notifications"
          type="button"
        >
          <svg
            aria-label="4 Unread Notifications"
            class="octicon octicon-bell"
            fill="currentColor"
            focusable="false"
            height="12"
            role="img"
            style="display: inline-block; user-select: none; vertical-align: text-bottom; overflow: visible;"
            viewBox="0 0 16 16"
            width="12"
          >
            <path
              d="M8 16a2 2 0 0 0 1.985-1.75c.017-.137-.097-.25-.235-.25h-3.5c-.138 0-.252.113-.235.25A2 2 0 0 0 8 16ZM3 5a5 5 0 0 1 10 0v2.947c0 .05.015.098.042.139l1.703 2.555A1.519 1.519 0 0 1 13.482 13H2.518a1.516 1.516 0 0 1-1.263-2.36l1.703-2.554A.255.255 0 0 0 3 7.947Zm5-3.5A3.5 3.5 0 0 0 4.5 5v2.947c0 .346-.102.683-.294.97l-1.703 2.556a.017.017 0 0 0-.003.01l.001.006c0 .002.002.004.004.006l.006.004.007.001h10.964l.007-.001.006-.004.004-.006.001-.007a.017.017 0 0 0-.003-.01l-1.703-2.554a1.745 1.745 0 0 1-.294-.97V5A3.5 3.5 0 0 0 8 1.5Z"
            />
          </svg>
          4
        </button>
      </div>
      <div
        class="px-3 py-4"
      >
        <button
          aria-label="Quit Gitify"
          class="flex justify-evenly items-center bg-transparent border-0 w-full text-sm text-white my-1 py-2 cursor-pointer hover:text-gray-500 focus:outline-none disabled:text-gray-500 disabled:cursor-default"
          title="Quit Gitify"
          type="button"
        >
          <svg
            aria-label="Quit Gitify"
            class="octicon octicon-x-circle"
            fill="currentColor"
            focusable="false"
            height="16"
            role="img"
            style="display: inline-block; user-select: none; vertical-align: text-bottom; overflow: visible;"
            viewBox="0 0 16 16"
            width="16"
          >
            <path
              d="M2.344 2.343h-.001a8 8 0 0 1 11.314 11.314A8.002 8.002 0 0 1 .234 10.089a8 8 0 0 1 2.11-7.746Zm1.06 10.253a6.5 6.5 0 1 0 9.108-9.275 6.5 6.5 0 0 0-9.108 9.275ZM6.03 4.97 8 6.94l1.97-1.97a.749.749 0 0 1 1.275.326.749.749 0 0 1-.215.734L9.06 8l1.97 1.97a.749.749 0 0 1-.326 1.275.749.749 0 0 1-.734-.215L8 9.06l-1.97 1.97a.749.749 0 0 1-1.275-.326.749.749 0 0 1 .215-.734L6.94 8 4.97 6.03a.751.751 0 0 1 .018-1.042.751.751 0 0 1 1.042-.018Z"
            />
          </svg>
        </button>
      </div>
    </div>
  </div>,
  "debug": [Function],
  "findAllByAltText": [Function],
  "findAllByDisplayValue": [Function],
  "findAllByLabelText": [Function],
  "findAllByPlaceholderText": [Function],
  "findAllByRole": [Function],
  "findAllByTestId": [Function],
  "findAllByText": [Function],
  "findAllByTitle": [Function],
  "findByAltText": [Function],
  "findByDisplayValue": [Function],
  "findByLabelText": [Function],
  "findByPlaceholderText": [Function],
  "findByRole": [Function],
  "findByTestId": [Function],
  "findByText": [Function],
  "findByTitle": [Function],
  "getAllByAltText": [Function],
  "getAllByDisplayValue": [Function],
  "getAllByLabelText": [Function],
  "getAllByPlaceholderText": [Function],
  "getAllByRole": [Function],
  "getAllByTestId": [Function],
  "getAllByText": [Function],
  "getAllByTitle": [Function],
  "getByAltText": [Function],
  "getByDisplayValue": [Function],
  "getByLabelText": [Function],
  "getByPlaceholderText": [Function],
  "getByRole": [Function],
  "getByTestId": [Function],
  "getByText": [Function],
  "getByTitle": [Function],
  "queryAllByAltText": [Function],
  "queryAllByDisplayValue": [Function],
  "queryAllByLabelText": [Function],
  "queryAllByPlaceholderText": [Function],
  "queryAllByRole": [Function],
  "queryAllByTestId": [Function],
  "queryAllByText": [Function],
  "queryAllByTitle": [Function],
  "queryByAltText": [Function],
  "queryByDisplayValue": [Function],
  "queryByLabelText": [Function],
  "queryByPlaceholderText": [Function],
  "queryByRole": [Function],
  "queryByTestId": [Function],
  "queryByText": [Function],
  "queryByTitle": [Function],
  "rerender": [Function],
  "unmount": [Function],
}
`;
