// Jest Snapshot v1, https://goo.gl/fbAQLP

exports[`routes/LoginWithPersonalAccessToken.tsx renders correctly 1`] = `
{
  "asFragment": [Function],
  "baseElement": <body>
    <div>
      <div
        class="flex-1 bg-white dark:bg-gray-dark dark:text-white"
      >
        <div
          class="mx-8 mt-4 flex items-center justify-between py-2"
        >
          <button
            class="focus:outline-none"
            title="Go Back"
            type="button"
          >
            <svg
              aria-label="Go Back"
              class="hover:text-gray-400"
              fill="currentColor"
              focusable="false"
              height="20"
              role="img"
              style="display: inline-block; user-select: none; vertical-align: text-bottom; overflow: visible;"
              viewBox="0 0 16 16"
              width="20"
            >
              <path
                d="M7.78 12.53a.75.75 0 0 1-1.06 0L2.47 8.28a.75.75 0 0 1 0-1.06l4.25-4.25a.751.751 0 0 1 1.042.018.751.751 0 0 1 .018 1.042L4.81 7h7.44a.75.75 0 0 1 0 1.5H4.81l2.97 2.97a.75.75 0 0 1 0 1.06Z"
              />
            </svg>
          </button>
          <h3
            class="justify-center text-lg font-semibold"
          >
            <svg
              aria-hidden="true"
              class="mr-2"
              fill="currentColor"
              focusable="false"
              height="18"
              style="display: inline-block; user-select: none; vertical-align: text-bottom; overflow: visible;"
              viewBox="0 0 16 16"
              width="18"
            >
              <path
                d="M10.5 0a5.499 5.499 0 1 1-1.288 10.848l-.932.932a.749.749 0 0 1-.53.22H7v.75a.749.749 0 0 1-.22.53l-.5.5a.749.749 0 0 1-.53.22H5v.75a.749.749 0 0 1-.22.53l-.5.5a.749.749 0 0 1-.53.22h-2A1.75 1.75 0 0 1 0 14.25v-2c0-.199.079-.389.22-.53l4.932-4.932A5.5 5.5 0 0 1 10.5 0Zm-4 5.5c-.001.431.069.86.205 1.269a.75.75 0 0 1-.181.768L1.5 12.56v1.69c0 .138.112.25.25.25h1.69l.06-.06v-1.19a.75.75 0 0 1 .75-.75h1.19l.06-.06v-1.19a.75.75 0 0 1 .75-.75h1.19l1.023-1.025a.75.75 0 0 1 .768-.18A4 4 0 1 0 6.5 5.5ZM11 6a1 1 0 1 1 0-2 1 1 0 0 1 0 2Z"
              />
            </svg>
            Login with Personal Access Token
          </h3>
        </div>
        <div
          class="flex-1 px-8"
        >
          <form>
            <div
              class="mb-4"
            >
              <label
                class="mb-2 block text-sm font-semibold tracking-wide text-gray-dark"
                for="hostname"
              >
                Hostname
              </label>
              <input
                class="mb-2 block w-full appearance-none rounded border border-red-500 bg-gray-100 px-4 py-1.5 text-sm focus:bg-gray-200 focus:outline-none dark:text-gray-800"
                id="hostname"
                name="hostname"
                placeholder="github.company.com"
                type="text"
                value="github.com"
              />
              <div
                class="mt-3 text-xs text-gray-700 dark:text-gray-200"
              >
                <div
                  class="mt-1 italic"
                >
                  Change only if you are using GitHub Enterprise Server.
                </div>
              </div>
            </div>
            <div
              class="mb-4"
            >
              <label
                class="mb-2 block text-sm font-semibold tracking-wide text-gray-dark"
                for="token"
              >
                Token
              </label>
              <input
                class="mb-2 block w-full appearance-none rounded border border-red-500 bg-gray-100 px-4 py-1.5 text-sm focus:bg-gray-200 focus:outline-none dark:text-gray-800"
                id="token"
                name="token"
                placeholder="The 40 characters token generated on GitHub"
                type="text"
                value=""
              />
              <div
                class="mt-3 text-xs text-gray-700 dark:text-gray-200"
              >
                <div>
                  <div>
                    <button
                      aria-label="Generate a PAT"
                      class="rounded bg-gray-300 font-semibold text-xs text-center hover:bg-gray-500 hover:text-white dark:text-black focus:outline-none cursor-pointer px-2 py-1"
                      title="Generate a PAT"
                      type="button"
                    >
                      <svg
                        aria-hidden="true"
                        class="mr-1"
                        fill="currentColor"
                        focusable="false"
                        height="12"
                        style="display: inline-block; user-select: none; vertical-align: text-bottom; overflow: visible;"
                        viewBox="0 0 16 16"
                        width="12"
                      >
                        <path
                          d="M10.5 0a5.499 5.499 0 1 1-1.288 10.848l-.932.932a.749.749 0 0 1-.53.22H7v.75a.749.749 0 0 1-.22.53l-.5.5a.749.749 0 0 1-.53.22H5v.75a.749.749 0 0 1-.22.53l-.5.5a.749.749 0 0 1-.53.22h-2A1.75 1.75 0 0 1 0 14.25v-2c0-.199.079-.389.22-.53l4.932-4.932A5.5 5.5 0 0 1 10.5 0Zm-4 5.5c-.001.431.069.86.205 1.269a.75.75 0 0 1-.181.768L1.5 12.56v1.69c0 .138.112.25.25.25h1.69l.06-.06v-1.19a.75.75 0 0 1 .75-.75h1.19l.06-.06v-1.19a.75.75 0 0 1 .75-.75h1.19l1.023-1.025a.75.75 0 0 1 .768-.18A4 4 0 1 0 6.5 5.5ZM11 6a1 1 0 1 1 0-2 1 1 0 0 1 0 2Z"
                        />
                      </svg>
                      Generate a PAT
                    </button>
                    <span
                      class="mx-1"
                    >
                      on GitHub and paste above.
                    </span>
                  </div>
                  <div
                    class="mt-1 italic"
                  >
                    The required scopes will be selected for you.
                  </div>
                </div>
              </div>
            </div>
            <div
              class="flex items-end justify-between"
            >
              <button
                aria-label="GitHub Docs"
                class="mt-2 rounded bg-gray-300 font-semibold text-xs text-center hover:bg-gray-500 hover:text-white dark:text-black focus:outline-none cursor-pointer px-2 py-1"
                title="GitHub Docs"
                type="button"
              >
                <svg
                  aria-hidden="true"
                  class="mr-1"
                  fill="currentColor"
                  focusable="false"
                  height="12"
                  style="display: inline-block; user-select: none; vertical-align: text-bottom; overflow: visible;"
                  viewBox="0 0 16 16"
                  width="12"
                >
                  <path
                    d="M0 1.75A.75.75 0 0 1 .75 1h4.253c1.227 0 2.317.59 3 1.501A3.743 3.743 0 0 1 11.006 1h4.245a.75.75 0 0 1 .75.75v10.5a.75.75 0 0 1-.75.75h-4.507a2.25 2.25 0 0 0-1.591.659l-.622.621a.75.75 0 0 1-1.06 0l-.622-.621A2.25 2.25 0 0 0 5.258 13H.75a.75.75 0 0 1-.75-.75Zm7.251 10.324.004-5.073-.002-2.253A2.25 2.25 0 0 0 5.003 2.5H1.5v9h3.757a3.75 3.75 0 0 1 1.994.574ZM8.755 4.75l-.004 7.322a3.752 3.752 0 0 1 1.992-.572H14.5v-9h-3.495a2.25 2.25 0 0 0-2.25 2.25Z"
                  />
                </svg>
                Docs
              </button>
              <button
                aria-label="Login"
                class="mt-2 px-4 py-2 !text-sm rounded bg-gray-300 font-semibold text-xs text-center hover:bg-gray-500 hover:text-white dark:text-black focus:outline-none cursor-pointer px-2 py-1"
                disabled=""
                title="Login"
                type="submit"
              >
                <svg
                  aria-hidden="true"
                  class="mr-1"
                  fill="currentColor"
                  focusable="false"
                  height="16"
                  style="display: inline-block; user-select: none; vertical-align: text-bottom; overflow: visible;"
                  viewBox="0 0 16 16"
                  width="16"
                >
                  <path
                    d="M2 2.75C2 1.784 2.784 1 3.75 1h2.5a.75.75 0 0 1 0 1.5h-2.5a.25.25 0 0 0-.25.25v10.5c0 .138.112.25.25.25h2.5a.75.75 0 0 1 0 1.5h-2.5A1.75 1.75 0 0 1 2 13.25Zm6.56 4.5h5.69a.75.75 0 0 1 0 1.5H8.56l1.97 1.97a.749.749 0 0 1-.326 1.275.749.749 0 0 1-.734-.215L6.22 8.53a.75.75 0 0 1 0-1.06l3.25-3.25a.749.749 0 0 1 1.275.326.749.749 0 0 1-.215.734Z"
                  />
                </svg>
                Login
              </button>
            </div>
          </form>
        </div>
      </div>
    </div>
  </body>,
  "container": <div>
    <div
      class="flex-1 bg-white dark:bg-gray-dark dark:text-white"
    >
      <div
        class="mx-8 mt-4 flex items-center justify-between py-2"
      >
        <button
          class="focus:outline-none"
          title="Go Back"
          type="button"
        >
          <svg
            aria-label="Go Back"
            class="hover:text-gray-400"
            fill="currentColor"
            focusable="false"
            height="20"
            role="img"
            style="display: inline-block; user-select: none; vertical-align: text-bottom; overflow: visible;"
            viewBox="0 0 16 16"
            width="20"
          >
            <path
              d="M7.78 12.53a.75.75 0 0 1-1.06 0L2.47 8.28a.75.75 0 0 1 0-1.06l4.25-4.25a.751.751 0 0 1 1.042.018.751.751 0 0 1 .018 1.042L4.81 7h7.44a.75.75 0 0 1 0 1.5H4.81l2.97 2.97a.75.75 0 0 1 0 1.06Z"
            />
          </svg>
        </button>
        <h3
          class="justify-center text-lg font-semibold"
        >
          <svg
            aria-hidden="true"
            class="mr-2"
            fill="currentColor"
            focusable="false"
            height="18"
            style="display: inline-block; user-select: none; vertical-align: text-bottom; overflow: visible;"
            viewBox="0 0 16 16"
            width="18"
          >
            <path
              d="M10.5 0a5.499 5.499 0 1 1-1.288 10.848l-.932.932a.749.749 0 0 1-.53.22H7v.75a.749.749 0 0 1-.22.53l-.5.5a.749.749 0 0 1-.53.22H5v.75a.749.749 0 0 1-.22.53l-.5.5a.749.749 0 0 1-.53.22h-2A1.75 1.75 0 0 1 0 14.25v-2c0-.199.079-.389.22-.53l4.932-4.932A5.5 5.5 0 0 1 10.5 0Zm-4 5.5c-.001.431.069.86.205 1.269a.75.75 0 0 1-.181.768L1.5 12.56v1.69c0 .138.112.25.25.25h1.69l.06-.06v-1.19a.75.75 0 0 1 .75-.75h1.19l.06-.06v-1.19a.75.75 0 0 1 .75-.75h1.19l1.023-1.025a.75.75 0 0 1 .768-.18A4 4 0 1 0 6.5 5.5ZM11 6a1 1 0 1 1 0-2 1 1 0 0 1 0 2Z"
            />
          </svg>
          Login with Personal Access Token
        </h3>
      </div>
      <div
        class="flex-1 px-8"
      >
        <form>
          <div
            class="mb-4"
          >
            <label
              class="mb-2 block text-sm font-semibold tracking-wide text-gray-dark"
              for="hostname"
            >
              Hostname
            </label>
            <input
              class="mb-2 block w-full appearance-none rounded border border-red-500 bg-gray-100 px-4 py-1.5 text-sm focus:bg-gray-200 focus:outline-none dark:text-gray-800"
              id="hostname"
              name="hostname"
              placeholder="github.company.com"
              type="text"
              value="github.com"
            />
            <div
              class="mt-3 text-xs text-gray-700 dark:text-gray-200"
            >
              <div
                class="mt-1 italic"
              >
                Change only if you are using GitHub Enterprise Server.
              </div>
            </div>
          </div>
          <div
            class="mb-4"
          >
            <label
              class="mb-2 block text-sm font-semibold tracking-wide text-gray-dark"
              for="token"
            >
              Token
            </label>
            <input
              class="mb-2 block w-full appearance-none rounded border border-red-500 bg-gray-100 px-4 py-1.5 text-sm focus:bg-gray-200 focus:outline-none dark:text-gray-800"
              id="token"
              name="token"
              placeholder="The 40 characters token generated on GitHub"
              type="text"
              value=""
            />
            <div
              class="mt-3 text-xs text-gray-700 dark:text-gray-200"
            >
              <div>
                <div>
                  <button
                    aria-label="Generate a PAT"
                    class="rounded bg-gray-300 font-semibold text-xs text-center hover:bg-gray-500 hover:text-white dark:text-black focus:outline-none cursor-pointer px-2 py-1"
                    title="Generate a PAT"
                    type="button"
                  >
                    <svg
                      aria-hidden="true"
                      class="mr-1"
                      fill="currentColor"
                      focusable="false"
                      height="12"
                      style="display: inline-block; user-select: none; vertical-align: text-bottom; overflow: visible;"
                      viewBox="0 0 16 16"
                      width="12"
                    >
                      <path
                        d="M10.5 0a5.499 5.499 0 1 1-1.288 10.848l-.932.932a.749.749 0 0 1-.53.22H7v.75a.749.749 0 0 1-.22.53l-.5.5a.749.749 0 0 1-.53.22H5v.75a.749.749 0 0 1-.22.53l-.5.5a.749.749 0 0 1-.53.22h-2A1.75 1.75 0 0 1 0 14.25v-2c0-.199.079-.389.22-.53l4.932-4.932A5.5 5.5 0 0 1 10.5 0Zm-4 5.5c-.001.431.069.86.205 1.269a.75.75 0 0 1-.181.768L1.5 12.56v1.69c0 .138.112.25.25.25h1.69l.06-.06v-1.19a.75.75 0 0 1 .75-.75h1.19l.06-.06v-1.19a.75.75 0 0 1 .75-.75h1.19l1.023-1.025a.75.75 0 0 1 .768-.18A4 4 0 1 0 6.5 5.5ZM11 6a1 1 0 1 1 0-2 1 1 0 0 1 0 2Z"
                      />
                    </svg>
                    Generate a PAT
                  </button>
                  <span
                    class="mx-1"
                  >
                    on GitHub and paste above.
                  </span>
                </div>
                <div
                  class="mt-1 italic"
                >
                  The required scopes will be selected for you.
                </div>
              </div>
            </div>
          </div>
          <div
            class="flex items-end justify-between"
          >
            <button
              aria-label="GitHub Docs"
              class="mt-2 rounded bg-gray-300 font-semibold text-xs text-center hover:bg-gray-500 hover:text-white dark:text-black focus:outline-none cursor-pointer px-2 py-1"
              title="GitHub Docs"
              type="button"
            >
              <svg
                aria-hidden="true"
                class="mr-1"
                fill="currentColor"
                focusable="false"
                height="12"
                style="display: inline-block; user-select: none; vertical-align: text-bottom; overflow: visible;"
                viewBox="0 0 16 16"
                width="12"
              >
                <path
                  d="M0 1.75A.75.75 0 0 1 .75 1h4.253c1.227 0 2.317.59 3 1.501A3.743 3.743 0 0 1 11.006 1h4.245a.75.75 0 0 1 .75.75v10.5a.75.75 0 0 1-.75.75h-4.507a2.25 2.25 0 0 0-1.591.659l-.622.621a.75.75 0 0 1-1.06 0l-.622-.621A2.25 2.25 0 0 0 5.258 13H.75a.75.75 0 0 1-.75-.75Zm7.251 10.324.004-5.073-.002-2.253A2.25 2.25 0 0 0 5.003 2.5H1.5v9h3.757a3.75 3.75 0 0 1 1.994.574ZM8.755 4.75l-.004 7.322a3.752 3.752 0 0 1 1.992-.572H14.5v-9h-3.495a2.25 2.25 0 0 0-2.25 2.25Z"
                />
              </svg>
              Docs
            </button>
            <button
              aria-label="Login"
              class="mt-2 px-4 py-2 !text-sm rounded bg-gray-300 font-semibold text-xs text-center hover:bg-gray-500 hover:text-white dark:text-black focus:outline-none cursor-pointer px-2 py-1"
              disabled=""
              title="Login"
              type="submit"
            >
              <svg
                aria-hidden="true"
                class="mr-1"
                fill="currentColor"
                focusable="false"
                height="16"
                style="display: inline-block; user-select: none; vertical-align: text-bottom; overflow: visible;"
                viewBox="0 0 16 16"
                width="16"
              >
                <path
                  d="M2 2.75C2 1.784 2.784 1 3.75 1h2.5a.75.75 0 0 1 0 1.5h-2.5a.25.25 0 0 0-.25.25v10.5c0 .138.112.25.25.25h2.5a.75.75 0 0 1 0 1.5h-2.5A1.75 1.75 0 0 1 2 13.25Zm6.56 4.5h5.69a.75.75 0 0 1 0 1.5H8.56l1.97 1.97a.749.749 0 0 1-.326 1.275.749.749 0 0 1-.734-.215L6.22 8.53a.75.75 0 0 1 0-1.06l3.25-3.25a.749.749 0 0 1 1.275.326.749.749 0 0 1-.215.734Z"
                />
              </svg>
              Login
            </button>
          </div>
        </form>
      </div>
    </div>
  </div>,
  "debug": [Function],
  "findAllByAltText": [Function],
  "findAllByDisplayValue": [Function],
  "findAllByLabelText": [Function],
  "findAllByPlaceholderText": [Function],
  "findAllByRole": [Function],
  "findAllByTestId": [Function],
  "findAllByText": [Function],
  "findAllByTitle": [Function],
  "findByAltText": [Function],
  "findByDisplayValue": [Function],
  "findByLabelText": [Function],
  "findByPlaceholderText": [Function],
  "findByRole": [Function],
  "findByTestId": [Function],
  "findByText": [Function],
  "findByTitle": [Function],
  "getAllByAltText": [Function],
  "getAllByDisplayValue": [Function],
  "getAllByLabelText": [Function],
  "getAllByPlaceholderText": [Function],
  "getAllByRole": [Function],
  "getAllByTestId": [Function],
  "getAllByText": [Function],
  "getAllByTitle": [Function],
  "getByAltText": [Function],
  "getByDisplayValue": [Function],
  "getByLabelText": [Function],
  "getByPlaceholderText": [Function],
  "getByRole": [Function],
  "getByTestId": [Function],
  "getByText": [Function],
  "getByTitle": [Function],
  "queryAllByAltText": [Function],
  "queryAllByDisplayValue": [Function],
  "queryAllByLabelText": [Function],
  "queryAllByPlaceholderText": [Function],
  "queryAllByRole": [Function],
  "queryAllByTestId": [Function],
  "queryAllByText": [Function],
  "queryAllByTitle": [Function],
  "queryByAltText": [Function],
  "queryByDisplayValue": [Function],
  "queryByLabelText": [Function],
  "queryByPlaceholderText": [Function],
  "queryByRole": [Function],
  "queryByTestId": [Function],
  "queryByText": [Function],
  "queryByTitle": [Function],
  "rerender": [Function],
  "unmount": [Function],
}
`;
