// Jest Snapshot v1, https://goo.gl/fbAQLP

exports[`routes/LoginEnterprise.tsx renders correctly 1`] = `
<div
  className="flex-1 bg-white dark:bg-gray-dark dark:text-white"
>
  <div
    className="flex justify-between items-center mt-4 py-2 mx-8"
  >
    <button
      className="focus:outline-none"
      onClick={[Function]}
      title="Go Back"
      type="button"
    >
      <svg
        aria-label="Go Back"
        className="hover:text-gray-400"
        fill="currentColor"
        focusable="false"
        height={20}
        role="img"
        style={
          {
            "display": "inline-block",
            "overflow": "visible",
            "userSelect": "none",
            "verticalAlign": "text-bottom",
          }
        }
        viewBox="0 0 16 16"
        width={20}
      >
        <path
          d="M7.78 12.53a.75.75 0 0 1-1.06 0L2.47 8.28a.75.75 0 0 1 0-1.06l4.25-4.25a.751.751 0 0 1 1.042.018.751.751 0 0 1 .018 1.042L4.81 7h7.44a.75.75 0 0 1 0 1.5H4.81l2.97 2.97a.75.75 0 0 1 0 1.06Z"
        />
      </svg>
    </button>
    <h3
      className="text-lg font-semibold"
    >
      Login with GitHub Enterprise
    </h3>
  </div>
  <div
    className="flex-1 px-8"
  >
    <form
      onSubmit={[Function]}
    >
      <div
        className="mb-4"
      >
        <label
          className="block tracking-wide text-grey-dark text-sm font-semibold mb-2"
          htmlFor="hostname"
        >
          Hostname
        </label>
        <input
          className="appearance-none block w-full dark:text-gray-800 bg-gray-100 border border-red rounded py-1.5 px-4 mb-2 focus:bg-gray-200 focus:outline-none text-sm"
          id="hostname"
          name="hostname"
          onBlur={[Function]}
          onChange={[Function]}
          onFocus={[Function]}
          placeholder="github.company.com"
          required={false}
          type="text"
          value=""
        />
      </div>
      <div
        className="mb-4"
      >
        <label
          className="block tracking-wide text-grey-dark text-sm font-semibold mb-2"
          htmlFor="clientId"
        >
          Client ID
        </label>
        <input
          className="appearance-none block w-full dark:text-gray-800 bg-gray-100 border border-red rounded py-1.5 px-4 mb-2 focus:bg-gray-200 focus:outline-none text-sm"
          id="clientId"
          name="clientId"
          onBlur={[Function]}
          onChange={[Function]}
          onFocus={[Function]}
          placeholder="123456789"
          required={false}
          type="text"
          value=""
        />
      </div>
      <div
        className="mb-4"
      >
        <label
          className="block tracking-wide text-grey-dark text-sm font-semibold mb-2"
          htmlFor="clientSecret"
        >
          Client Secret
        </label>
        <input
          className="appearance-none block w-full dark:text-gray-800 bg-gray-100 border border-red rounded py-1.5 px-4 mb-2 focus:bg-gray-200 focus:outline-none text-sm"
          id="clientSecret"
          name="clientSecret"
          onBlur={[Function]}
          onChange={[Function]}
          onFocus={[Function]}
          placeholder="ABC123DEF456"
          required={false}
          type="text"
          value=""
        />
      </div>
      <button
        className="float-right px-4 py-2 my-4 bg-gray-300 font-semibold rounded text-sm text-center hover:bg-gray-500 hover:text-white dark:text-black focus:outline-none"
        disabled={true}
        title="Login Button"
        type="submit"
      >
        Login
      </button>
    </form>
  </div>
</div>
`;
