// Jest Snapshot v1, https://goo.gl/fbAQLP

exports[`routes/LoginWithOAuthApp.tsx renders correctly 1`] = `
{
  "asFragment": [Function],
  "baseElement": <body>
    <div>
      <div
        class="flex-1 bg-white dark:bg-gray-dark dark:text-white"
      >
        <div
          class="mx-8 mt-4 flex items-center justify-between py-2"
        >
          <button
            class="focus:outline-none"
            title="Go Back"
            type="button"
          >
            <svg
              aria-label="Go Back"
              class="hover:text-gray-400"
              fill="currentColor"
              focusable="false"
              height="20"
              role="img"
              style="display: inline-block; user-select: none; vertical-align: text-bottom; overflow: visible;"
              viewBox="0 0 16 16"
              width="20"
            >
              <path
                d="M7.78 12.53a.75.75 0 0 1-1.06 0L2.47 8.28a.75.75 0 0 1 0-1.06l4.25-4.25a.751.751 0 0 1 1.042.018.751.751 0 0 1 .018 1.042L4.81 7h7.44a.75.75 0 0 1 0 1.5H4.81l2.97 2.97a.75.75 0 0 1 0 1.06Z"
              />
            </svg>
          </button>
          <h3
            class="justify-center text-lg font-semibold"
          >
            <svg
              aria-hidden="true"
              class="mr-2"
              fill="currentColor"
              focusable="false"
              height="20"
              style="display: inline-block; user-select: none; vertical-align: text-bottom; overflow: visible;"
              viewBox="0 0 16 16"
              width="20"
            >
              <path
                d="M10.561 8.073a6.005 6.005 0 0 1 3.432 5.142.75.75 0 1 1-1.498.07 4.5 4.5 0 0 0-8.99 0 .75.75 0 0 1-1.498-.07 6.004 6.004 0 0 1 3.431-5.142 3.999 3.999 0 1 1 5.123 0ZM10.5 5a2.5 2.5 0 1 0-5 0 2.5 2.5 0 0 0 5 0Z"
              />
            </svg>
            Login with OAuth App
          </h3>
        </div>
        <div
          class="flex-1 px-8"
        >
          <form>
            <div
              class="mb-4"
            >
              <label
                class="mb-2 block text-sm font-semibold tracking-wide text-gray-dark"
                for="hostname"
              >
                Hostname
              </label>
              <input
                class="mb-2 block w-full appearance-none rounded border border-red-500 bg-gray-100 px-4 py-1.5 text-sm focus:bg-gray-200 focus:outline-none dark:text-gray-800"
                id="hostname"
                name="hostname"
                placeholder="github.company.com"
                type="text"
                value=""
              />
              <div
                class="mt-3 text-xs text-gray-700 dark:text-gray-200"
              >
                <div
                  class="mb-1"
                >
                  <button
                    aria-label="Create new OAuth App"
                    class="rounded bg-gray-300 font-semibold text-xs text-center hover:bg-gray-500 hover:text-white dark:text-black focus:outline-none cursor-pointer px-2 py-1"
                    disabled=""
                    title="Create new OAuth App"
                    type="button"
                  >
                    <svg
                      aria-hidden="true"
                      class="mr-1"
                      fill="currentColor"
                      focusable="false"
                      height="12"
                      style="display: inline-block; user-select: none; vertical-align: text-bottom; overflow: visible;"
                      viewBox="0 0 16 16"
                      width="12"
                    >
                      <path
                        d="M10.561 8.073a6.005 6.005 0 0 1 3.432 5.142.75.75 0 1 1-1.498.07 4.5 4.5 0 0 0-8.99 0 .75.75 0 0 1-1.498-.07 6.004 6.004 0 0 1 3.431-5.142 3.999 3.999 0 1 1 5.123 0ZM10.5 5a2.5 2.5 0 1 0-5 0 2.5 2.5 0 0 0 5 0Z"
                      />
                    </svg>
                    Create new OAuth App
                  </button>
                  <span
                    class="mx-1"
                  >
                    on GitHub then paste your
                  </span>
                  <span
                    class="italic"
                  >
                    client id and client secret
                  </span>
                   below.
                </div>
              </div>
            </div>
            <div
              class="mb-4"
            >
              <label
                class="mb-2 block text-sm font-semibold tracking-wide text-gray-dark"
                for="clientId"
              >
                Client ID
              </label>
              <input
                class="mb-2 block w-full appearance-none rounded border border-red-500 bg-gray-100 px-4 py-1.5 text-sm focus:bg-gray-200 focus:outline-none dark:text-gray-800"
                id="clientId"
                name="clientId"
                placeholder="123456789"
                type="text"
                value=""
              />
            </div>
            <div
              class="mb-4"
            >
              <label
                class="mb-2 block text-sm font-semibold tracking-wide text-gray-dark"
                for="clientSecret"
              >
                Client Secret
              </label>
              <input
                class="mb-2 block w-full appearance-none rounded border border-red-500 bg-gray-100 px-4 py-1.5 text-sm focus:bg-gray-200 focus:outline-none dark:text-gray-800"
                id="clientSecret"
                name="clientSecret"
                placeholder="ABC123DEF456"
                type="text"
                value=""
              />
            </div>
            <div
              class="flex items-end justify-between"
            >
              <button
                aria-label="GitHub Docs"
                class="mt-2 rounded bg-gray-300 font-semibold text-xs text-center hover:bg-gray-500 hover:text-white dark:text-black focus:outline-none cursor-pointer px-2 py-1"
                title="GitHub Docs"
                type="button"
              >
                <svg
                  aria-hidden="true"
                  class="mr-1"
                  fill="currentColor"
                  focusable="false"
                  height="12"
                  style="display: inline-block; user-select: none; vertical-align: text-bottom; overflow: visible;"
                  viewBox="0 0 16 16"
                  width="12"
                >
                  <path
                    d="M0 1.75A.75.75 0 0 1 .75 1h4.253c1.227 0 2.317.59 3 1.501A3.743 3.743 0 0 1 11.006 1h4.245a.75.75 0 0 1 .75.75v10.5a.75.75 0 0 1-.75.75h-4.507a2.25 2.25 0 0 0-1.591.659l-.622.621a.75.75 0 0 1-1.06 0l-.622-.621A2.25 2.25 0 0 0 5.258 13H.75a.75.75 0 0 1-.75-.75Zm7.251 10.324.004-5.073-.002-2.253A2.25 2.25 0 0 0 5.003 2.5H1.5v9h3.757a3.75 3.75 0 0 1 1.994.574ZM8.755 4.75l-.004 7.322a3.752 3.752 0 0 1 1.992-.572H14.5v-9h-3.495a2.25 2.25 0 0 0-2.25 2.25Z"
                  />
                </svg>
                Docs
              </button>
              <button
                aria-label="Login"
                class="mt-2 px-4 py-2 !text-sm rounded bg-gray-300 font-semibold text-xs text-center hover:bg-gray-500 hover:text-white dark:text-black focus:outline-none cursor-pointer px-2 py-1"
                disabled=""
                title="Login"
                type="submit"
              >
                <svg
                  aria-hidden="true"
                  class="mr-1"
                  fill="currentColor"
                  focusable="false"
                  height="16"
                  style="display: inline-block; user-select: none; vertical-align: text-bottom; overflow: visible;"
                  viewBox="0 0 16 16"
                  width="16"
                >
                  <path
                    d="M2 2.75C2 1.784 2.784 1 3.75 1h2.5a.75.75 0 0 1 0 1.5h-2.5a.25.25 0 0 0-.25.25v10.5c0 .138.112.25.25.25h2.5a.75.75 0 0 1 0 1.5h-2.5A1.75 1.75 0 0 1 2 13.25Zm6.56 4.5h5.69a.75.75 0 0 1 0 1.5H8.56l1.97 1.97a.749.749 0 0 1-.326 1.275.749.749 0 0 1-.734-.215L6.22 8.53a.75.75 0 0 1 0-1.06l3.25-3.25a.749.749 0 0 1 1.275.326.749.749 0 0 1-.215.734Z"
                  />
                </svg>
                Login
              </button>
            </div>
          </form>
        </div>
      </div>
    </div>
  </body>,
  "container": <div>
    <div
      class="flex-1 bg-white dark:bg-gray-dark dark:text-white"
    >
      <div
        class="mx-8 mt-4 flex items-center justify-between py-2"
      >
        <button
          class="focus:outline-none"
          title="Go Back"
          type="button"
        >
          <svg
            aria-label="Go Back"
            class="hover:text-gray-400"
            fill="currentColor"
            focusable="false"
            height="20"
            role="img"
            style="display: inline-block; user-select: none; vertical-align: text-bottom; overflow: visible;"
            viewBox="0 0 16 16"
            width="20"
          >
            <path
              d="M7.78 12.53a.75.75 0 0 1-1.06 0L2.47 8.28a.75.75 0 0 1 0-1.06l4.25-4.25a.751.751 0 0 1 1.042.018.751.751 0 0 1 .018 1.042L4.81 7h7.44a.75.75 0 0 1 0 1.5H4.81l2.97 2.97a.75.75 0 0 1 0 1.06Z"
            />
          </svg>
        </button>
        <h3
          class="justify-center text-lg font-semibold"
        >
          <svg
            aria-hidden="true"
            class="mr-2"
            fill="currentColor"
            focusable="false"
            height="20"
            style="display: inline-block; user-select: none; vertical-align: text-bottom; overflow: visible;"
            viewBox="0 0 16 16"
            width="20"
          >
            <path
              d="M10.561 8.073a6.005 6.005 0 0 1 3.432 5.142.75.75 0 1 1-1.498.07 4.5 4.5 0 0 0-8.99 0 .75.75 0 0 1-1.498-.07 6.004 6.004 0 0 1 3.431-5.142 3.999 3.999 0 1 1 5.123 0ZM10.5 5a2.5 2.5 0 1 0-5 0 2.5 2.5 0 0 0 5 0Z"
            />
          </svg>
          Login with OAuth App
        </h3>
      </div>
      <div
        class="flex-1 px-8"
      >
        <form>
          <div
            class="mb-4"
          >
            <label
              class="mb-2 block text-sm font-semibold tracking-wide text-gray-dark"
              for="hostname"
            >
              Hostname
            </label>
            <input
              class="mb-2 block w-full appearance-none rounded border border-red-500 bg-gray-100 px-4 py-1.5 text-sm focus:bg-gray-200 focus:outline-none dark:text-gray-800"
              id="hostname"
              name="hostname"
              placeholder="github.company.com"
              type="text"
              value=""
            />
            <div
              class="mt-3 text-xs text-gray-700 dark:text-gray-200"
            >
              <div
                class="mb-1"
              >
                <button
                  aria-label="Create new OAuth App"
                  class="rounded bg-gray-300 font-semibold text-xs text-center hover:bg-gray-500 hover:text-white dark:text-black focus:outline-none cursor-pointer px-2 py-1"
                  disabled=""
                  title="Create new OAuth App"
                  type="button"
                >
                  <svg
                    aria-hidden="true"
                    class="mr-1"
                    fill="currentColor"
                    focusable="false"
                    height="12"
                    style="display: inline-block; user-select: none; vertical-align: text-bottom; overflow: visible;"
                    viewBox="0 0 16 16"
                    width="12"
                  >
                    <path
                      d="M10.561 8.073a6.005 6.005 0 0 1 3.432 5.142.75.75 0 1 1-1.498.07 4.5 4.5 0 0 0-8.99 0 .75.75 0 0 1-1.498-.07 6.004 6.004 0 0 1 3.431-5.142 3.999 3.999 0 1 1 5.123 0ZM10.5 5a2.5 2.5 0 1 0-5 0 2.5 2.5 0 0 0 5 0Z"
                    />
                  </svg>
                  Create new OAuth App
                </button>
                <span
                  class="mx-1"
                >
                  on GitHub then paste your
                </span>
                <span
                  class="italic"
                >
                  client id and client secret
                </span>
                 below.
              </div>
            </div>
          </div>
          <div
            class="mb-4"
          >
            <label
              class="mb-2 block text-sm font-semibold tracking-wide text-gray-dark"
              for="clientId"
            >
              Client ID
            </label>
            <input
              class="mb-2 block w-full appearance-none rounded border border-red-500 bg-gray-100 px-4 py-1.5 text-sm focus:bg-gray-200 focus:outline-none dark:text-gray-800"
              id="clientId"
              name="clientId"
              placeholder="123456789"
              type="text"
              value=""
            />
          </div>
          <div
            class="mb-4"
          >
            <label
              class="mb-2 block text-sm font-semibold tracking-wide text-gray-dark"
              for="clientSecret"
            >
              Client Secret
            </label>
            <input
              class="mb-2 block w-full appearance-none rounded border border-red-500 bg-gray-100 px-4 py-1.5 text-sm focus:bg-gray-200 focus:outline-none dark:text-gray-800"
              id="clientSecret"
              name="clientSecret"
              placeholder="ABC123DEF456"
              type="text"
              value=""
            />
          </div>
          <div
            class="flex items-end justify-between"
          >
            <button
              aria-label="GitHub Docs"
              class="mt-2 rounded bg-gray-300 font-semibold text-xs text-center hover:bg-gray-500 hover:text-white dark:text-black focus:outline-none cursor-pointer px-2 py-1"
              title="GitHub Docs"
              type="button"
            >
              <svg
                aria-hidden="true"
                class="mr-1"
                fill="currentColor"
                focusable="false"
                height="12"
                style="display: inline-block; user-select: none; vertical-align: text-bottom; overflow: visible;"
                viewBox="0 0 16 16"
                width="12"
              >
                <path
                  d="M0 1.75A.75.75 0 0 1 .75 1h4.253c1.227 0 2.317.59 3 1.501A3.743 3.743 0 0 1 11.006 1h4.245a.75.75 0 0 1 .75.75v10.5a.75.75 0 0 1-.75.75h-4.507a2.25 2.25 0 0 0-1.591.659l-.622.621a.75.75 0 0 1-1.06 0l-.622-.621A2.25 2.25 0 0 0 5.258 13H.75a.75.75 0 0 1-.75-.75Zm7.251 10.324.004-5.073-.002-2.253A2.25 2.25 0 0 0 5.003 2.5H1.5v9h3.757a3.75 3.75 0 0 1 1.994.574ZM8.755 4.75l-.004 7.322a3.752 3.752 0 0 1 1.992-.572H14.5v-9h-3.495a2.25 2.25 0 0 0-2.25 2.25Z"
                />
              </svg>
              Docs
            </button>
            <button
              aria-label="Login"
              class="mt-2 px-4 py-2 !text-sm rounded bg-gray-300 font-semibold text-xs text-center hover:bg-gray-500 hover:text-white dark:text-black focus:outline-none cursor-pointer px-2 py-1"
              disabled=""
              title="Login"
              type="submit"
            >
              <svg
                aria-hidden="true"
                class="mr-1"
                fill="currentColor"
                focusable="false"
                height="16"
                style="display: inline-block; user-select: none; vertical-align: text-bottom; overflow: visible;"
                viewBox="0 0 16 16"
                width="16"
              >
                <path
                  d="M2 2.75C2 1.784 2.784 1 3.75 1h2.5a.75.75 0 0 1 0 1.5h-2.5a.25.25 0 0 0-.25.25v10.5c0 .138.112.25.25.25h2.5a.75.75 0 0 1 0 1.5h-2.5A1.75 1.75 0 0 1 2 13.25Zm6.56 4.5h5.69a.75.75 0 0 1 0 1.5H8.56l1.97 1.97a.749.749 0 0 1-.326 1.275.749.749 0 0 1-.734-.215L6.22 8.53a.75.75 0 0 1 0-1.06l3.25-3.25a.749.749 0 0 1 1.275.326.749.749 0 0 1-.215.734Z"
                />
              </svg>
              Login
            </button>
          </div>
        </form>
      </div>
    </div>
  </div>,
  "debug": [Function],
  "findAllByAltText": [Function],
  "findAllByDisplayValue": [Function],
  "findAllByLabelText": [Function],
  "findAllByPlaceholderText": [Function],
  "findAllByRole": [Function],
  "findAllByTestId": [Function],
  "findAllByText": [Function],
  "findAllByTitle": [Function],
  "findByAltText": [Function],
  "findByDisplayValue": [Function],
  "findByLabelText": [Function],
  "findByPlaceholderText": [Function],
  "findByRole": [Function],
  "findByTestId": [Function],
  "findByText": [Function],
  "findByTitle": [Function],
  "getAllByAltText": [Function],
  "getAllByDisplayValue": [Function],
  "getAllByLabelText": [Function],
  "getAllByPlaceholderText": [Function],
  "getAllByRole": [Function],
  "getAllByTestId": [Function],
  "getAllByText": [Function],
  "getAllByTitle": [Function],
  "getByAltText": [Function],
  "getByDisplayValue": [Function],
  "getByLabelText": [Function],
  "getByPlaceholderText": [Function],
  "getByRole": [Function],
  "getByTestId": [Function],
  "getByText": [Function],
  "getByTitle": [Function],
  "queryAllByAltText": [Function],
  "queryAllByDisplayValue": [Function],
  "queryAllByLabelText": [Function],
  "queryAllByPlaceholderText": [Function],
  "queryAllByRole": [Function],
  "queryAllByTestId": [Function],
  "queryAllByText": [Function],
  "queryAllByTitle": [Function],
  "queryByAltText": [Function],
  "queryByDisplayValue": [Function],
  "queryByLabelText": [Function],
  "queryByPlaceholderText": [Function],
  "queryByRole": [Function],
  "queryByTestId": [Function],
  "queryByText": [Function],
  "queryByTitle": [Function],
  "rerender": [Function],
  "unmount": [Function],
}
`;
