// Jest Snapshot v1, https://goo.gl/fbAQLP

exports[`routes/Login.tsx should render itself & its children 1`] = `
{
  "asFragment": [Function],
  "baseElement": <body>
    <div>
      <div
        class="flex flex-1 flex-col items-center justify-center bg-white p-4 dark:bg-gray-dark dark:text-white"
      >
        <svg
          aria-label="Gitify Logo"
          class="h-16 w-16"
          role="img"
          viewBox="0 0 500 500"
          xmlns="http://www.w3.org/2000/svg"
          xmlns:xlink="http://www.w3.org/1999/xlink"
        >
          <defs>
            <lineargradient
              id="linearGradient-dark"
              x1="90.8779989%"
              x2="-1.30249747%"
              y1="80.0676288%"
              y2="32.7108237%"
            >
              <stop
                offset="0%"
                stop-color="#22283B"
              />
              <stop
                offset="100%"
                stop-color="#555B6E"
              />
            </lineargradient>
          </defs>
          <g
            fill="none"
            fill-rule="evenodd"
            stroke="none"
            stroke-width="1"
          >
            <g
              fill="url(#linearGradient-dark)"
              fill-rule="nonzero"
              id="Logo"
              transform="translate(6.000000, 6.000000)"
            >
              <path
                d="M330.391053,10.2526316 C361.413773,10.2526316 386.562656,35.4015165 386.562656,66.4242368 C386.562656,97.4469571 361.413773,122.595841 330.391053,122.595842 L330.365421,122.570211 L247.319105,122.570211 C180.042515,122.499128 125.399186,176.890222 125.159,244.166421 L125.133789,244.219632 L125.154247,245.84774 C126.219609,301.255958 164.473457,349.116728 218.453292,362.268048 C272.940509,375.542983 329.466993,350.045988 355.583747,300.428701 L272.258632,300.427737 C257.346614,300.427737 243.046846,294.496977 232.512078,283.942976 C221.97731,273.388975 216.072618,259.078414 216.099748,244.166421 C216.099748,213.150778 241.242989,188.007632 272.258632,188.007632 L371.119632,188.007632 C379.28704,188.480415 386.935401,192.166372 392.393842,198.260263 L474.869789,300.324632 L474.978789,300.325211 L474.952789,300.426632 L474.953158,300.427737 L474.951789,300.427632 L474.173714,303.448935 C446.939817,406.220475 353.906452,478.028529 247.319105,478.080211 C118.007789,478.080211 12.8157895,373.144526 12.8157895,244.166421 C12.8157895,115.188316 117.905263,10.2526316 247.319105,10.2526316 L330.391053,10.2526316 Z"
              />
            </g>
          </g>
        </svg>
        <div
          class="my-4 px-2.5 py-1.5 text-center font-semibold"
        >
          GitHub Notifications 
          <br />
           on your menu bar.
        </div>
        <div
          class="text-center text-sm font-semibold italic"
        >
          Login with
        </div>
        <button
          aria-label="Login with Personal Access Token"
          class="mt-2 py-2 rounded bg-gray-300 font-semibold text-xs text-center hover:bg-gray-500 hover:text-white dark:text-black focus:outline-none cursor-pointer px-2 py-1"
          title="Login with Personal Access Token"
          type="button"
        >
          <svg
            aria-hidden="true"
            class="mr-1"
            fill="currentColor"
            focusable="false"
            height="14"
            style="display: inline-block; user-select: none; vertical-align: text-bottom; overflow: visible;"
            viewBox="0 0 16 16"
            width="14"
          >
            <path
              d="M10.5 0a5.499 5.499 0 1 1-1.288 10.848l-.932.932a.749.749 0 0 1-.53.22H7v.75a.749.749 0 0 1-.22.53l-.5.5a.749.749 0 0 1-.53.22H5v.75a.749.749 0 0 1-.22.53l-.5.5a.749.749 0 0 1-.53.22h-2A1.75 1.75 0 0 1 0 14.25v-2c0-.199.079-.389.22-.53l4.932-4.932A5.5 5.5 0 0 1 10.5 0Zm-4 5.5c-.001.431.069.86.205 1.269a.75.75 0 0 1-.181.768L1.5 12.56v1.69c0 .138.112.25.25.25h1.69l.06-.06v-1.19a.75.75 0 0 1 .75-.75h1.19l.06-.06v-1.19a.75.75 0 0 1 .75-.75h1.19l1.023-1.025a.75.75 0 0 1 .768-.18A4 4 0 1 0 6.5 5.5ZM11 6a1 1 0 1 1 0-2 1 1 0 0 1 0 2Z"
            />
          </svg>
          Personal Access Token
        </button>
        <button
          aria-label="Login with OAuth App"
          class="mt-2 py-2 rounded bg-gray-300 font-semibold text-xs text-center hover:bg-gray-500 hover:text-white dark:text-black focus:outline-none cursor-pointer px-2 py-1"
          title="Login with OAuth App"
          type="button"
        >
          <svg
            aria-hidden="true"
            class="mr-1"
            fill="currentColor"
            focusable="false"
            height="14"
            style="display: inline-block; user-select: none; vertical-align: text-bottom; overflow: visible;"
            viewBox="0 0 16 16"
            width="14"
          >
            <path
              d="M10.561 8.073a6.005 6.005 0 0 1 3.432 5.142.75.75 0 1 1-1.498.07 4.5 4.5 0 0 0-8.99 0 .75.75 0 0 1-1.498-.07 6.004 6.004 0 0 1 3.431-5.142 3.999 3.999 0 1 1 5.123 0ZM10.5 5a2.5 2.5 0 1 0-5 0 2.5 2.5 0 0 0 5 0Z"
            />
          </svg>
          OAuth App
        </button>
      </div>
    </div>
  </body>,
  "container": <div>
    <div
      class="flex flex-1 flex-col items-center justify-center bg-white p-4 dark:bg-gray-dark dark:text-white"
    >
      <svg
        aria-label="Gitify Logo"
        class="h-16 w-16"
        role="img"
        viewBox="0 0 500 500"
        xmlns="http://www.w3.org/2000/svg"
        xmlns:xlink="http://www.w3.org/1999/xlink"
      >
        <defs>
          <lineargradient
            id="linearGradient-dark"
            x1="90.8779989%"
            x2="-1.30249747%"
            y1="80.0676288%"
            y2="32.7108237%"
          >
            <stop
              offset="0%"
              stop-color="#22283B"
            />
            <stop
              offset="100%"
              stop-color="#555B6E"
            />
          </lineargradient>
        </defs>
        <g
          fill="none"
          fill-rule="evenodd"
          stroke="none"
          stroke-width="1"
        >
          <g
            fill="url(#linearGradient-dark)"
            fill-rule="nonzero"
            id="Logo"
            transform="translate(6.000000, 6.000000)"
          >
            <path
              d="M330.391053,10.2526316 C361.413773,10.2526316 386.562656,35.4015165 386.562656,66.4242368 C386.562656,97.4469571 361.413773,122.595841 330.391053,122.595842 L330.365421,122.570211 L247.319105,122.570211 C180.042515,122.499128 125.399186,176.890222 125.159,244.166421 L125.133789,244.219632 L125.154247,245.84774 C126.219609,301.255958 164.473457,349.116728 218.453292,362.268048 C272.940509,375.542983 329.466993,350.045988 355.583747,300.428701 L272.258632,300.427737 C257.346614,300.427737 243.046846,294.496977 232.512078,283.942976 C221.97731,273.388975 216.072618,259.078414 216.099748,244.166421 C216.099748,213.150778 241.242989,188.007632 272.258632,188.007632 L371.119632,188.007632 C379.28704,188.480415 386.935401,192.166372 392.393842,198.260263 L474.869789,300.324632 L474.978789,300.325211 L474.952789,300.426632 L474.953158,300.427737 L474.951789,300.427632 L474.173714,303.448935 C446.939817,406.220475 353.906452,478.028529 247.319105,478.080211 C118.007789,478.080211 12.8157895,373.144526 12.8157895,244.166421 C12.8157895,115.188316 117.905263,10.2526316 247.319105,10.2526316 L330.391053,10.2526316 Z"
            />
          </g>
        </g>
      </svg>
      <div
        class="my-4 px-2.5 py-1.5 text-center font-semibold"
      >
        GitHub Notifications 
        <br />
         on your menu bar.
      </div>
      <div
        class="text-center text-sm font-semibold italic"
      >
        Login with
      </div>
      <button
        aria-label="Login with Personal Access Token"
        class="mt-2 py-2 rounded bg-gray-300 font-semibold text-xs text-center hover:bg-gray-500 hover:text-white dark:text-black focus:outline-none cursor-pointer px-2 py-1"
        title="Login with Personal Access Token"
        type="button"
      >
        <svg
          aria-hidden="true"
          class="mr-1"
          fill="currentColor"
          focusable="false"
          height="14"
          style="display: inline-block; user-select: none; vertical-align: text-bottom; overflow: visible;"
          viewBox="0 0 16 16"
          width="14"
        >
          <path
            d="M10.5 0a5.499 5.499 0 1 1-1.288 10.848l-.932.932a.749.749 0 0 1-.53.22H7v.75a.749.749 0 0 1-.22.53l-.5.5a.749.749 0 0 1-.53.22H5v.75a.749.749 0 0 1-.22.53l-.5.5a.749.749 0 0 1-.53.22h-2A1.75 1.75 0 0 1 0 14.25v-2c0-.199.079-.389.22-.53l4.932-4.932A5.5 5.5 0 0 1 10.5 0Zm-4 5.5c-.001.431.069.86.205 1.269a.75.75 0 0 1-.181.768L1.5 12.56v1.69c0 .138.112.25.25.25h1.69l.06-.06v-1.19a.75.75 0 0 1 .75-.75h1.19l.06-.06v-1.19a.75.75 0 0 1 .75-.75h1.19l1.023-1.025a.75.75 0 0 1 .768-.18A4 4 0 1 0 6.5 5.5ZM11 6a1 1 0 1 1 0-2 1 1 0 0 1 0 2Z"
          />
        </svg>
        Personal Access Token
      </button>
      <button
        aria-label="Login with OAuth App"
        class="mt-2 py-2 rounded bg-gray-300 font-semibold text-xs text-center hover:bg-gray-500 hover:text-white dark:text-black focus:outline-none cursor-pointer px-2 py-1"
        title="Login with OAuth App"
        type="button"
      >
        <svg
          aria-hidden="true"
          class="mr-1"
          fill="currentColor"
          focusable="false"
          height="14"
          style="display: inline-block; user-select: none; vertical-align: text-bottom; overflow: visible;"
          viewBox="0 0 16 16"
          width="14"
        >
          <path
            d="M10.561 8.073a6.005 6.005 0 0 1 3.432 5.142.75.75 0 1 1-1.498.07 4.5 4.5 0 0 0-8.99 0 .75.75 0 0 1-1.498-.07 6.004 6.004 0 0 1 3.431-5.142 3.999 3.999 0 1 1 5.123 0ZM10.5 5a2.5 2.5 0 1 0-5 0 2.5 2.5 0 0 0 5 0Z"
          />
        </svg>
        OAuth App
      </button>
    </div>
  </div>,
  "debug": [Function],
  "findAllByAltText": [Function],
  "findAllByDisplayValue": [Function],
  "findAllByLabelText": [Function],
  "findAllByPlaceholderText": [Function],
  "findAllByRole": [Function],
  "findAllByTestId": [Function],
  "findAllByText": [Function],
  "findAllByTitle": [Function],
  "findByAltText": [Function],
  "findByDisplayValue": [Function],
  "findByLabelText": [Function],
  "findByPlaceholderText": [Function],
  "findByRole": [Function],
  "findByTestId": [Function],
  "findByText": [Function],
  "findByTitle": [Function],
  "getAllByAltText": [Function],
  "getAllByDisplayValue": [Function],
  "getAllByLabelText": [Function],
  "getAllByPlaceholderText": [Function],
  "getAllByRole": [Function],
  "getAllByTestId": [Function],
  "getAllByText": [Function],
  "getAllByTitle": [Function],
  "getByAltText": [Function],
  "getByDisplayValue": [Function],
  "getByLabelText": [Function],
  "getByPlaceholderText": [Function],
  "getByRole": [Function],
  "getByTestId": [Function],
  "getByText": [Function],
  "getByTitle": [Function],
  "queryAllByAltText": [Function],
  "queryAllByDisplayValue": [Function],
  "queryAllByLabelText": [Function],
  "queryAllByPlaceholderText": [Function],
  "queryAllByRole": [Function],
  "queryAllByTestId": [Function],
  "queryAllByText": [Function],
  "queryAllByTitle": [Function],
  "queryByAltText": [Function],
  "queryByDisplayValue": [Function],
  "queryByLabelText": [Function],
  "queryByPlaceholderText": [Function],
  "queryByRole": [Function],
  "queryByTestId": [Function],
  "queryByText": [Function],
  "queryByTitle": [Function],
  "rerender": [Function],
  "unmount": [Function],
}
`;
