// Jest Snapshot v1, https://goo.gl/fbAQLP

exports[`renderer/components/primitives/Footer.tsx should render itself & its children - end 1`] = `
{
  "asFragment": [Function],
  "baseElement": <body>
    <div>
      <div
        class="Box-sc-g0xbh4-0 fixed bottom-0 left-10 right-0 bg-gitify-footer"
      >
        <div
          class="Stack__StyledStack-sc-x3xa2i-0 duhwY"
          data-align="stretch"
          data-direction="horizontal"
          data-justify="end"
          data-padding="condensed"
          data-wrap="nowrap"
        >
          Test
        </div>
      </div>
    </div>
  </body>,
  "container": <div>
    <div
      class="Box-sc-g0xbh4-0 fixed bottom-0 left-10 right-0 bg-gitify-footer"
    >
      <div
        class="Stack__StyledStack-sc-x3xa2i-0 duhwY"
        data-align="stretch"
        data-direction="horizontal"
        data-justify="end"
        data-padding="condensed"
        data-wrap="nowrap"
      >
        Test
      </div>
    </div>
  </div>,
  "debug": [Function],
  "findAllByAltText": [Function],
  "findAllByDisplayValue": [Function],
  "findAllByLabelText": [Function],
  "findAllByPlaceholderText": [Function],
  "findAllByRole": [Function],
  "findAllByTestId": [Function],
  "findAllByText": [Function],
  "findAllByTitle": [Function],
  "findByAltText": [Function],
  "findByDisplayValue": [Function],
  "findByLabelText": [Function],
  "findByPlaceholderText": [Function],
  "findByRole": [Function],
  "findByTestId": [Function],
  "findByText": [Function],
  "findByTitle": [Function],
  "getAllByAltText": [Function],
  "getAllByDisplayValue": [Function],
  "getAllByLabelText": [Function],
  "getAllByPlaceholderText": [Function],
  "getAllByRole": [Function],
  "getAllByTestId": [Function],
  "getAllByText": [Function],
  "getAllByTitle": [Function],
  "getByAltText": [Function],
  "getByDisplayValue": [Function],
  "getByLabelText": [Function],
  "getByPlaceholderText": [Function],
  "getByRole": [Function],
  "getByTestId": [Function],
  "getByText": [Function],
  "getByTitle": [Function],
  "queryAllByAltText": [Function],
  "queryAllByDisplayValue": [Function],
  "queryAllByLabelText": [Function],
  "queryAllByPlaceholderText": [Function],
  "queryAllByRole": [Function],
  "queryAllByTestId": [Function],
  "queryAllByText": [Function],
  "queryAllByTitle": [Function],
  "queryByAltText": [Function],
  "queryByDisplayValue": [Function],
  "queryByLabelText": [Function],
  "queryByPlaceholderText": [Function],
  "queryByRole": [Function],
  "queryByTestId": [Function],
  "queryByText": [Function],
  "queryByTitle": [Function],
  "rerender": [Function],
  "unmount": [Function],
}
`;

exports[`renderer/components/primitives/Footer.tsx should render itself & its children - space-between 1`] = `
{
  "asFragment": [Function],
  "baseElement": <body>
    <div>
      <div
        class="Box-sc-g0xbh4-0 fixed bottom-0 left-10 right-0 bg-gitify-footer"
      >
        <div
          class="Stack__StyledStack-sc-x3xa2i-0 duhwY"
          data-align="stretch"
          data-direction="horizontal"
          data-justify="space-between"
          data-padding="condensed"
          data-wrap="nowrap"
        >
          Test
        </div>
      </div>
    </div>
  </body>,
  "container": <div>
    <div
      class="Box-sc-g0xbh4-0 fixed bottom-0 left-10 right-0 bg-gitify-footer"
    >
      <div
        class="Stack__StyledStack-sc-x3xa2i-0 duhwY"
        data-align="stretch"
        data-direction="horizontal"
        data-justify="space-between"
        data-padding="condensed"
        data-wrap="nowrap"
      >
        Test
      </div>
    </div>
  </div>,
  "debug": [Function],
  "findAllByAltText": [Function],
  "findAllByDisplayValue": [Function],
  "findAllByLabelText": [Function],
  "findAllByPlaceholderText": [Function],
  "findAllByRole": [Function],
  "findAllByTestId": [Function],
  "findAllByText": [Function],
  "findAllByTitle": [Function],
  "findByAltText": [Function],
  "findByDisplayValue": [Function],
  "findByLabelText": [Function],
  "findByPlaceholderText": [Function],
  "findByRole": [Function],
  "findByTestId": [Function],
  "findByText": [Function],
  "findByTitle": [Function],
  "getAllByAltText": [Function],
  "getAllByDisplayValue": [Function],
  "getAllByLabelText": [Function],
  "getAllByPlaceholderText": [Function],
  "getAllByRole": [Function],
  "getAllByTestId": [Function],
  "getAllByText": [Function],
  "getAllByTitle": [Function],
  "getByAltText": [Function],
  "getByDisplayValue": [Function],
  "getByLabelText": [Function],
  "getByPlaceholderText": [Function],
  "getByRole": [Function],
  "getByTestId": [Function],
  "getByText": [Function],
  "getByTitle": [Function],
  "queryAllByAltText": [Function],
  "queryAllByDisplayValue": [Function],
  "queryAllByLabelText": [Function],
  "queryAllByPlaceholderText": [Function],
  "queryAllByRole": [Function],
  "queryAllByTestId": [Function],
  "queryAllByText": [Function],
  "queryAllByTitle": [Function],
  "queryByAltText": [Function],
  "queryByDisplayValue": [Function],
  "queryByLabelText": [Function],
  "queryByPlaceholderText": [Function],
  "queryByRole": [Function],
  "queryByTestId": [Function],
  "queryByText": [Function],
  "queryByTitle": [Function],
  "rerender": [Function],
  "unmount": [Function],
}
`;
