// Jest Snapshot v1, https://goo.gl/fbAQLP

exports[`renderer/components/fields/Checkbox.tsx should render 1`] = `
{
  "asFragment": [Function],
  "baseElement": <body>
    <div>
      <div
        class="mt-3 mb-2 text-sm"
      >
        <div
          class="flex items-center"
        >
          <input
            checked=""
            class="size-4 rounded-sm cursor-pointer"
            id="appearance"
            type="checkbox"
          />
          <div
            class="flex items-center ml-3"
          >
            <label
              class="font-medium text-gitify-font cursor-pointer"
              for="appearance"
            >
              Appearance
            </label>
          </div>
        </div>
      </div>
    </div>
  </body>,
  "container": <div>
    <div
      class="mt-3 mb-2 text-sm"
    >
      <div
        class="flex items-center"
      >
        <input
          checked=""
          class="size-4 rounded-sm cursor-pointer"
          id="appearance"
          type="checkbox"
        />
        <div
          class="flex items-center ml-3"
        >
          <label
            class="font-medium text-gitify-font cursor-pointer"
            for="appearance"
          >
            Appearance
          </label>
        </div>
      </div>
    </div>
  </div>,
  "debug": [Function],
  "findAllByAltText": [Function],
  "findAllByDisplayValue": [Function],
  "findAllByLabelText": [Function],
  "findAllByPlaceholderText": [Function],
  "findAllByRole": [Function],
  "findAllByTestId": [Function],
  "findAllByText": [Function],
  "findAllByTitle": [Function],
  "findByAltText": [Function],
  "findByDisplayValue": [Function],
  "findByLabelText": [Function],
  "findByPlaceholderText": [Function],
  "findByRole": [Function],
  "findByTestId": [Function],
  "findByText": [Function],
  "findByTitle": [Function],
  "getAllByAltText": [Function],
  "getAllByDisplayValue": [Function],
  "getAllByLabelText": [Function],
  "getAllByPlaceholderText": [Function],
  "getAllByRole": [Function],
  "getAllByTestId": [Function],
  "getAllByText": [Function],
  "getAllByTitle": [Function],
  "getByAltText": [Function],
  "getByDisplayValue": [Function],
  "getByLabelText": [Function],
  "getByPlaceholderText": [Function],
  "getByRole": [Function],
  "getByTestId": [Function],
  "getByText": [Function],
  "getByTitle": [Function],
  "queryAllByAltText": [Function],
  "queryAllByDisplayValue": [Function],
  "queryAllByLabelText": [Function],
  "queryAllByPlaceholderText": [Function],
  "queryAllByRole": [Function],
  "queryAllByTestId": [Function],
  "queryAllByText": [Function],
  "queryAllByTitle": [Function],
  "queryByAltText": [Function],
  "queryByDisplayValue": [Function],
  "queryByLabelText": [Function],
  "queryByPlaceholderText": [Function],
  "queryByRole": [Function],
  "queryByTestId": [Function],
  "queryByText": [Function],
  "queryByTitle": [Function],
  "rerender": [Function],
  "unmount": [Function],
}
`;
