// Jest Snapshot v1, https://goo.gl/fbAQLP

exports[`utils/github-api.ts getNotificationTypeIconColor should format the notification color for check suite 1`] = `"text-gray-500 dark:text-gray-300"`;

exports[`utils/github-api.ts getNotificationTypeIconColor should format the notification color for check suite 2`] = `"text-red-500"`;

exports[`utils/github-api.ts getNotificationTypeIconColor should format the notification color for check suite 3`] = `"text-gray-500 dark:text-gray-300"`;

exports[`utils/github-api.ts getNotificationTypeIconColor should format the notification color for check suite 4`] = `"text-green-500"`;

exports[`utils/github-api.ts getNotificationTypeIconColor should format the notification color for check suite 5`] = `"text-gray-500 dark:text-gray-300"`;

exports[`utils/github-api.ts getNotificationTypeIconColor should format the notification color for state 1`] = `"text-green-500"`;

exports[`utils/github-api.ts getNotificationTypeIconColor should format the notification color for state 2`] = `"text-red-500"`;

exports[`utils/github-api.ts getNotificationTypeIconColor should format the notification color for state 3`] = `"text-purple-500"`;

exports[`utils/github-api.ts getNotificationTypeIconColor should format the notification color for state 4`] = `"text-gray-500 dark:text-gray-300"`;

exports[`utils/github-api.ts getNotificationTypeIconColor should format the notification color for state 5`] = `"text-purple-500"`;

exports[`utils/github-api.ts getNotificationTypeIconColor should format the notification color for state 6`] = `"text-gray-500 dark:text-gray-300"`;

exports[`utils/github-api.ts getNotificationTypeIconColor should format the notification color for state 7`] = `"text-green-500"`;

exports[`utils/github-api.ts getNotificationTypeIconColor should format the notification color for state 8`] = `"text-green-500"`;

exports[`utils/github-api.ts getNotificationTypeIconColor should format the notification color for state 9`] = `"text-purple-500"`;

exports[`utils/github-api.ts getNotificationTypeIconColor should format the notification color for state 10`] = `"text-gray-500 dark:text-gray-300"`;
