// Jest Snapshot v1, https://goo.gl/fbAQLP

exports[`renderer/utils/emojis.ts emoji svg filenames 1`] = `
[
  "1f389.svg",
  "1f38a.svg",
  "1f973.svg",
  "1f44f.svg",
  "1f64c.svg",
  "1f60e.svg",
  "1f3d6.svg",
  "1f680.svg",
  "2728.svg",
  "1f3c6.svg",
  "1f513.svg",
  "1f52d.svg",
  "1f6dc.svg",
  "1f62e-200d-1f4a8.svg",
  "1f914.svg",
  "1f972.svg",
  "1f633.svg",
  "1fae0.svg",
  "1f643.svg",
  "1f648.svg",
]
`;
