// Jest Snapshot v1, https://goo.gl/fbAQLP

exports[`renderer/components/notifications/NotificationHeader.tsx should render itself & its children - group by date with notification number 1`] = `
{
  "asFragment": [Function],
  "baseElement": <body>
    <div>
      <div
        class="Box-sc-g0xbh4-0 py-0.5"
      >
        <div
          class="Stack__StyledStack-sc-x3xa2i-0 duhwY"
          data-align="center"
          data-direction="horizontal"
          data-gap="condensed"
          data-justify="start"
          data-padding="none"
          data-wrap="nowrap"
        >
          <div
            class="Box-sc-g0xbh4-0 text-xs font-medium"
            data-testid="view-repository"
            title="Open repository"
          >
            <div
              class="Stack__StyledStack-sc-x3xa2i-0 duhwY"
              data-align="center"
              data-direction="horizontal"
              data-gap="condensed"
              data-justify="start"
              data-padding="none"
              data-testid="avatar"
              data-wrap="nowrap"
            >
              <img
                alt="gitify-app/notifications-test"
                class="Avatar__StyledAvatar-sc-2lv0r8-0 htlvKA"
                data-component="Avatar"
                height="14"
                size="14"
                src="https://avatars.githubusercontent.com/u/133795385?s=200&v=4"
                sx="[object Object]"
                width="14"
              />
              <div
                class="Truncate__StyledTruncate-sc-23o1d2-0 ldPZNj"
                maxwidth="280"
                title="gitify-app/notifications-test"
              >
                gitify-app/notifications-test
              </div>
            </div>
          </div>
          <div
            class="Box-sc-g0xbh4-0 text-xxs opacity-50"
          />
        </div>
      </div>
    </div>
  </body>,
  "container": <div>
    <div
      class="Box-sc-g0xbh4-0 py-0.5"
    >
      <div
        class="Stack__StyledStack-sc-x3xa2i-0 duhwY"
        data-align="center"
        data-direction="horizontal"
        data-gap="condensed"
        data-justify="start"
        data-padding="none"
        data-wrap="nowrap"
      >
        <div
          class="Box-sc-g0xbh4-0 text-xs font-medium"
          data-testid="view-repository"
          title="Open repository"
        >
          <div
            class="Stack__StyledStack-sc-x3xa2i-0 duhwY"
            data-align="center"
            data-direction="horizontal"
            data-gap="condensed"
            data-justify="start"
            data-padding="none"
            data-testid="avatar"
            data-wrap="nowrap"
          >
            <img
              alt="gitify-app/notifications-test"
              class="Avatar__StyledAvatar-sc-2lv0r8-0 htlvKA"
              data-component="Avatar"
              height="14"
              size="14"
              src="https://avatars.githubusercontent.com/u/133795385?s=200&v=4"
              sx="[object Object]"
              width="14"
            />
            <div
              class="Truncate__StyledTruncate-sc-23o1d2-0 ldPZNj"
              maxwidth="280"
              title="gitify-app/notifications-test"
            >
              gitify-app/notifications-test
            </div>
          </div>
        </div>
        <div
          class="Box-sc-g0xbh4-0 text-xxs opacity-50"
        />
      </div>
    </div>
  </div>,
  "debug": [Function],
  "findAllByAltText": [Function],
  "findAllByDisplayValue": [Function],
  "findAllByLabelText": [Function],
  "findAllByPlaceholderText": [Function],
  "findAllByRole": [Function],
  "findAllByTestId": [Function],
  "findAllByText": [Function],
  "findAllByTitle": [Function],
  "findByAltText": [Function],
  "findByDisplayValue": [Function],
  "findByLabelText": [Function],
  "findByPlaceholderText": [Function],
  "findByRole": [Function],
  "findByTestId": [Function],
  "findByText": [Function],
  "findByTitle": [Function],
  "getAllByAltText": [Function],
  "getAllByDisplayValue": [Function],
  "getAllByLabelText": [Function],
  "getAllByPlaceholderText": [Function],
  "getAllByRole": [Function],
  "getAllByTestId": [Function],
  "getAllByText": [Function],
  "getAllByTitle": [Function],
  "getByAltText": [Function],
  "getByDisplayValue": [Function],
  "getByLabelText": [Function],
  "getByPlaceholderText": [Function],
  "getByRole": [Function],
  "getByTestId": [Function],
  "getByText": [Function],
  "getByTitle": [Function],
  "queryAllByAltText": [Function],
  "queryAllByDisplayValue": [Function],
  "queryAllByLabelText": [Function],
  "queryAllByPlaceholderText": [Function],
  "queryAllByRole": [Function],
  "queryAllByTestId": [Function],
  "queryAllByText": [Function],
  "queryAllByTitle": [Function],
  "queryByAltText": [Function],
  "queryByDisplayValue": [Function],
  "queryByLabelText": [Function],
  "queryByPlaceholderText": [Function],
  "queryByRole": [Function],
  "queryByTestId": [Function],
  "queryByText": [Function],
  "queryByTitle": [Function],
  "rerender": [Function],
  "unmount": [Function],
}
`;

exports[`renderer/components/notifications/NotificationHeader.tsx should render itself & its children - group by date with showNumber setting disabled 1`] = `
{
  "asFragment": [Function],
  "baseElement": <body>
    <div>
      <div
        class="Box-sc-g0xbh4-0 py-0.5"
      >
        <div
          class="Stack__StyledStack-sc-x3xa2i-0 duhwY"
          data-align="center"
          data-direction="horizontal"
          data-gap="condensed"
          data-justify="start"
          data-padding="none"
          data-wrap="nowrap"
        >
          <div
            class="Box-sc-g0xbh4-0 text-xs font-medium"
            data-testid="view-repository"
            title="Open repository"
          >
            <div
              class="Stack__StyledStack-sc-x3xa2i-0 duhwY"
              data-align="center"
              data-direction="horizontal"
              data-gap="condensed"
              data-justify="start"
              data-padding="none"
              data-testid="avatar"
              data-wrap="nowrap"
            >
              <img
                alt="gitify-app/notifications-test"
                class="Avatar__StyledAvatar-sc-2lv0r8-0 htlvKA"
                data-component="Avatar"
                height="14"
                size="14"
                src="https://avatars.githubusercontent.com/u/133795385?s=200&v=4"
                sx="[object Object]"
                width="14"
              />
              <div
                class="Truncate__StyledTruncate-sc-23o1d2-0 ldPZNj"
                maxwidth="280"
                title="gitify-app/notifications-test"
              >
                gitify-app/notifications-test
              </div>
            </div>
          </div>
          <div
            class="Box-sc-g0xbh4-0 text-xxs opacity-50 hidden"
          />
        </div>
      </div>
    </div>
  </body>,
  "container": <div>
    <div
      class="Box-sc-g0xbh4-0 py-0.5"
    >
      <div
        class="Stack__StyledStack-sc-x3xa2i-0 duhwY"
        data-align="center"
        data-direction="horizontal"
        data-gap="condensed"
        data-justify="start"
        data-padding="none"
        data-wrap="nowrap"
      >
        <div
          class="Box-sc-g0xbh4-0 text-xs font-medium"
          data-testid="view-repository"
          title="Open repository"
        >
          <div
            class="Stack__StyledStack-sc-x3xa2i-0 duhwY"
            data-align="center"
            data-direction="horizontal"
            data-gap="condensed"
            data-justify="start"
            data-padding="none"
            data-testid="avatar"
            data-wrap="nowrap"
          >
            <img
              alt="gitify-app/notifications-test"
              class="Avatar__StyledAvatar-sc-2lv0r8-0 htlvKA"
              data-component="Avatar"
              height="14"
              size="14"
              src="https://avatars.githubusercontent.com/u/133795385?s=200&v=4"
              sx="[object Object]"
              width="14"
            />
            <div
              class="Truncate__StyledTruncate-sc-23o1d2-0 ldPZNj"
              maxwidth="280"
              title="gitify-app/notifications-test"
            >
              gitify-app/notifications-test
            </div>
          </div>
        </div>
        <div
          class="Box-sc-g0xbh4-0 text-xxs opacity-50 hidden"
        />
      </div>
    </div>
  </div>,
  "debug": [Function],
  "findAllByAltText": [Function],
  "findAllByDisplayValue": [Function],
  "findAllByLabelText": [Function],
  "findAllByPlaceholderText": [Function],
  "findAllByRole": [Function],
  "findAllByTestId": [Function],
  "findAllByText": [Function],
  "findAllByTitle": [Function],
  "findByAltText": [Function],
  "findByDisplayValue": [Function],
  "findByLabelText": [Function],
  "findByPlaceholderText": [Function],
  "findByRole": [Function],
  "findByTestId": [Function],
  "findByText": [Function],
  "findByTitle": [Function],
  "getAllByAltText": [Function],
  "getAllByDisplayValue": [Function],
  "getAllByLabelText": [Function],
  "getAllByPlaceholderText": [Function],
  "getAllByRole": [Function],
  "getAllByTestId": [Function],
  "getAllByText": [Function],
  "getAllByTitle": [Function],
  "getByAltText": [Function],
  "getByDisplayValue": [Function],
  "getByLabelText": [Function],
  "getByPlaceholderText": [Function],
  "getByRole": [Function],
  "getByTestId": [Function],
  "getByText": [Function],
  "getByTitle": [Function],
  "queryAllByAltText": [Function],
  "queryAllByDisplayValue": [Function],
  "queryAllByLabelText": [Function],
  "queryAllByPlaceholderText": [Function],
  "queryAllByRole": [Function],
  "queryAllByTestId": [Function],
  "queryAllByText": [Function],
  "queryAllByTitle": [Function],
  "queryByAltText": [Function],
  "queryByDisplayValue": [Function],
  "queryByLabelText": [Function],
  "queryByPlaceholderText": [Function],
  "queryByRole": [Function],
  "queryByTestId": [Function],
  "queryByText": [Function],
  "queryByTitle": [Function],
  "rerender": [Function],
  "unmount": [Function],
}
`;

exports[`renderer/components/notifications/NotificationHeader.tsx should render itself & its children - group by date without notification number 1`] = `
{
  "asFragment": [Function],
  "baseElement": <body>
    <div>
      <div
        class="Box-sc-g0xbh4-0 py-0.5"
      >
        <div
          class="Stack__StyledStack-sc-x3xa2i-0 duhwY"
          data-align="center"
          data-direction="horizontal"
          data-gap="condensed"
          data-justify="start"
          data-padding="none"
          data-wrap="nowrap"
        >
          <div
            class="Box-sc-g0xbh4-0 text-xs font-medium"
            data-testid="view-repository"
            title="Open repository"
          >
            <div
              class="Stack__StyledStack-sc-x3xa2i-0 duhwY"
              data-align="center"
              data-direction="horizontal"
              data-gap="condensed"
              data-justify="start"
              data-padding="none"
              data-testid="avatar"
              data-wrap="nowrap"
            >
              <img
                alt="gitify-app/notifications-test"
                class="Avatar__StyledAvatar-sc-2lv0r8-0 htlvKA"
                data-component="Avatar"
                height="14"
                size="14"
                src="https://avatars.githubusercontent.com/u/133795385?s=200&v=4"
                sx="[object Object]"
                width="14"
              />
              <div
                class="Truncate__StyledTruncate-sc-23o1d2-0 ldPZNj"
                maxwidth="280"
                title="gitify-app/notifications-test"
              >
                gitify-app/notifications-test
              </div>
            </div>
          </div>
          <div
            class="Box-sc-g0xbh4-0 text-xxs opacity-50"
          />
        </div>
      </div>
    </div>
  </body>,
  "container": <div>
    <div
      class="Box-sc-g0xbh4-0 py-0.5"
    >
      <div
        class="Stack__StyledStack-sc-x3xa2i-0 duhwY"
        data-align="center"
        data-direction="horizontal"
        data-gap="condensed"
        data-justify="start"
        data-padding="none"
        data-wrap="nowrap"
      >
        <div
          class="Box-sc-g0xbh4-0 text-xs font-medium"
          data-testid="view-repository"
          title="Open repository"
        >
          <div
            class="Stack__StyledStack-sc-x3xa2i-0 duhwY"
            data-align="center"
            data-direction="horizontal"
            data-gap="condensed"
            data-justify="start"
            data-padding="none"
            data-testid="avatar"
            data-wrap="nowrap"
          >
            <img
              alt="gitify-app/notifications-test"
              class="Avatar__StyledAvatar-sc-2lv0r8-0 htlvKA"
              data-component="Avatar"
              height="14"
              size="14"
              src="https://avatars.githubusercontent.com/u/133795385?s=200&v=4"
              sx="[object Object]"
              width="14"
            />
            <div
              class="Truncate__StyledTruncate-sc-23o1d2-0 ldPZNj"
              maxwidth="280"
              title="gitify-app/notifications-test"
            >
              gitify-app/notifications-test
            </div>
          </div>
        </div>
        <div
          class="Box-sc-g0xbh4-0 text-xxs opacity-50"
        />
      </div>
    </div>
  </div>,
  "debug": [Function],
  "findAllByAltText": [Function],
  "findAllByDisplayValue": [Function],
  "findAllByLabelText": [Function],
  "findAllByPlaceholderText": [Function],
  "findAllByRole": [Function],
  "findAllByTestId": [Function],
  "findAllByText": [Function],
  "findAllByTitle": [Function],
  "findByAltText": [Function],
  "findByDisplayValue": [Function],
  "findByLabelText": [Function],
  "findByPlaceholderText": [Function],
  "findByRole": [Function],
  "findByTestId": [Function],
  "findByText": [Function],
  "findByTitle": [Function],
  "getAllByAltText": [Function],
  "getAllByDisplayValue": [Function],
  "getAllByLabelText": [Function],
  "getAllByPlaceholderText": [Function],
  "getAllByRole": [Function],
  "getAllByTestId": [Function],
  "getAllByText": [Function],
  "getAllByTitle": [Function],
  "getByAltText": [Function],
  "getByDisplayValue": [Function],
  "getByLabelText": [Function],
  "getByPlaceholderText": [Function],
  "getByRole": [Function],
  "getByTestId": [Function],
  "getByText": [Function],
  "getByTitle": [Function],
  "queryAllByAltText": [Function],
  "queryAllByDisplayValue": [Function],
  "queryAllByLabelText": [Function],
  "queryAllByPlaceholderText": [Function],
  "queryAllByRole": [Function],
  "queryAllByTestId": [Function],
  "queryAllByText": [Function],
  "queryAllByTitle": [Function],
  "queryByAltText": [Function],
  "queryByDisplayValue": [Function],
  "queryByLabelText": [Function],
  "queryByPlaceholderText": [Function],
  "queryByRole": [Function],
  "queryByTestId": [Function],
  "queryByText": [Function],
  "queryByTitle": [Function],
  "rerender": [Function],
  "unmount": [Function],
}
`;

exports[`renderer/components/notifications/NotificationHeader.tsx should render itself & its children - group by repositories 1`] = `
{
  "asFragment": [Function],
  "baseElement": <body>
    <div />
  </body>,
  "container": <div />,
  "debug": [Function],
  "findAllByAltText": [Function],
  "findAllByDisplayValue": [Function],
  "findAllByLabelText": [Function],
  "findAllByPlaceholderText": [Function],
  "findAllByRole": [Function],
  "findAllByTestId": [Function],
  "findAllByText": [Function],
  "findAllByTitle": [Function],
  "findByAltText": [Function],
  "findByDisplayValue": [Function],
  "findByLabelText": [Function],
  "findByPlaceholderText": [Function],
  "findByRole": [Function],
  "findByTestId": [Function],
  "findByText": [Function],
  "findByTitle": [Function],
  "getAllByAltText": [Function],
  "getAllByDisplayValue": [Function],
  "getAllByLabelText": [Function],
  "getAllByPlaceholderText": [Function],
  "getAllByRole": [Function],
  "getAllByTestId": [Function],
  "getAllByText": [Function],
  "getAllByTitle": [Function],
  "getByAltText": [Function],
  "getByDisplayValue": [Function],
  "getByLabelText": [Function],
  "getByPlaceholderText": [Function],
  "getByRole": [Function],
  "getByTestId": [Function],
  "getByText": [Function],
  "getByTitle": [Function],
  "queryAllByAltText": [Function],
  "queryAllByDisplayValue": [Function],
  "queryAllByLabelText": [Function],
  "queryAllByPlaceholderText": [Function],
  "queryAllByRole": [Function],
  "queryAllByTestId": [Function],
  "queryAllByText": [Function],
  "queryAllByTitle": [Function],
  "queryByAltText": [Function],
  "queryByDisplayValue": [Function],
  "queryByLabelText": [Function],
  "queryByPlaceholderText": [Function],
  "queryByRole": [Function],
  "queryByTestId": [Function],
  "queryByText": [Function],
  "queryByTitle": [Function],
  "rerender": [Function],
  "unmount": [Function],
}
`;
