// Jest Snapshot v1, https://goo.gl/fbAQLP

exports[`routes/components/settings/Legend.tsx should render the legend 1`] = `
<div>
  <legend
    class="mb-1 mt-2 font-semibold flex items-center"
    id="legend"
  >
    <svg
      aria-hidden="true"
      class="mr-2"
      fill="currentColor"
      focusable="false"
      height="16"
      style="display: inline-block; user-select: none; vertical-align: text-bottom; overflow: visible;"
      viewBox="0 0 16 16"
      width="16"
    >
      <path
        d="M4.243 4.757a3.757 3.757 0 1 1 5.851 3.119 6.006 6.006 0 0 1 3.9 5.339.75.75 0 0 1-.715.784H2.721a.75.75 0 0 1-.714-.784 6.006 6.006 0 0 1 3.9-5.34 3.753 3.753 0 0 1-1.664-3.118Z"
      />
    </svg>
    Legend
  </legend>
</div>
`;
