// Jest Snapshot v1, https://goo.gl/fbAQLP

exports[`renderer/routes/Accounts.tsx General should render itself & its children 1`] = `
<div
  class="flex h-screen flex-col"
  data-testid="accounts"
>
  <div
    class="mx-6 mt-2 py-2"
  >
    <div
      class="Stack__StyledStack-sc-x3xa2i-0 dStkQv"
      data-align="stretch"
      data-direction="horizontal"
      data-justify="space-between"
      data-padding="none"
      data-wrap="nowrap"
    >
      <button
        aria-describedby=":r1:-loading-announcement"
        aria-labelledby=":r0:"
        class="types__StyledButton-sc-ws60qy-0 ggqBNv"
        data-component="IconButton"
        data-loading="false"
        data-no-visuals="true"
        data-testid="header-nav-back"
        sx="[object Object]"
        type="button"
      >
        <svg
          aria-hidden="true"
          class="octicon octicon-arrow-left"
          fill="currentColor"
          focusable="false"
          height="16"
          style="display: inline-block; user-select: none; vertical-align: text-bottom; overflow: visible;"
          viewBox="0 0 16 16"
          width="16"
        >
          <path
            d="M7.78 12.53a.75.75 0 0 1-1.06 0L2.47 8.28a.75.75 0 0 1 0-1.06l4.25-4.25a.751.751 0 0 1 1.042.018.751.751 0 0 1 .018 1.042L4.81 7h7.44a.75.75 0 0 1 0 1.5H4.81l2.97 2.97a.75.75 0 0 1 0 1.06Z"
          />
        </svg>
      </button>
      <span
        aria-hidden="true"
        class="Tooltip__StyledTooltip-sc-e45c7z-0 gdnrwk"
        data-direction="e"
        id=":r0:"
        popover="auto"
      >
        Go Back
      </span>
      <div
        class="Stack__StyledStack-sc-x3xa2i-0 dStkQv"
        data-align="center"
        data-direction="horizontal"
        data-gap="condensed"
        data-justify="start"
        data-padding="none"
        data-wrap="nowrap"
      >
        <svg
          aria-hidden="true"
          class="Octicon-sc-9kayk9-0"
          fill="currentColor"
          focusable="false"
          height="18"
          style="display: inline-block; user-select: none; vertical-align: text-bottom; overflow: visible;"
          viewBox="0 0 16 16"
          width="18"
        >
          <path
            d="M10.561 8.073a6.005 6.005 0 0 1 3.432 5.142.75.75 0 1 1-1.498.07 4.5 4.5 0 0 0-8.99 0 .75.75 0 0 1-1.498-.07 6.004 6.004 0 0 1 3.431-5.142 3.999 3.999 0 1 1 5.123 0ZM10.5 5a2.5 2.5 0 1 0-5 0 2.5 2.5 0 0 0 5 0Z"
          />
        </svg>
        <h2
          class="Heading__StyledHeading-sc-1c1dgg0-0 iLDWTC"
          sx="[object Object]"
        >
          Accounts
        </h2>
      </div>
    </div>
  </div>
  <div
    class="flex-grow overflow-x-auto px-8"
  >
    <div
      class="mt-4 flex flex-col text-sm"
    >
      <div
        class="mb-4 flex items-center justify-between rounded-md bg-gray-100 p-2 dark:bg-gray-sidebar"
      >
        <div
          class="Stack__StyledStack-sc-x3xa2i-0 dStkQv"
          data-align="stretch"
          data-direction="vertical"
          data-gap="none"
          data-justify="start"
          data-padding="none"
          data-wrap="nowrap"
        >
          <span
            aria-label="Open profile"
            class="Tooltip__TooltipBase-sc-17tf59c-0 rtmEP tooltipped-e"
            id=":r2:"
            role="tooltip"
          >
            <button
              aria-describedby=":r3:-loading-announcement"
              class="types__StyledButton-sc-ws60qy-0 bBRiTk"
              data-loading="false"
              data-no-visuals="true"
              data-testid="account-profile"
              sx="[object Object]"
              type="button"
            >
              <span
                class="Box-sc-g0xbh4-0 lbSBsX"
                data-component="buttonContent"
                sx="[object Object]"
              >
                <span
                  data-component="text"
                >
                  <div
                    class="Stack__StyledStack-sc-x3xa2i-0 dStkQv"
                    data-align="center"
                    data-direction="horizontal"
                    data-gap="condensed"
                    data-justify="start"
                    data-padding="none"
                    data-wrap="nowrap"
                  >
                    <img
                      alt=""
                      class="Avatar__StyledAvatar-sc-2lv0r8-0 cApoMI"
                      data-component="Avatar"
                      height="20"
                      size="20"
                      src="https://avatars.githubusercontent.com/u/583231?v=4"
                      sx="[object Object]"
                      width="20"
                    />
                    <span
                      class="Text-sc-17v1xeu-0 gCQeDW"
                    >
                      @
                      octocat
                    </span>
                    <i
                      class="Text-sc-17v1xeu-0 gCQeDW"
                    >
                      (
                      Mona Lisa Octocat
                      )
                    </i>
                  </div>
                </span>
              </span>
            </button>
          </span>
          <ul
            class="List__ListBox-sc-1x7olzq-0 EwMaC"
            sx="[object Object]"
          >
            <span
              aria-label="Open Host"
              class="Tooltip__TooltipBase-sc-17tf59c-0 rtmEP tooltipped-e"
              id=":r5:"
              role="tooltip"
            >
              <li
                aria-labelledby=":r6:--label "
                class="Item__LiBox-sc-yeql7o-0 gGQhPB"
                data-testid="account-host"
                id=":r6:"
                sx="[object Object]"
                tabindex="0"
              >
                <span
                  class="Box-sc-g0xbh4-0 iEiwLL"
                  sx="[object Object]"
                >
                  <svg
                    aria-hidden="true"
                    class="octicon octicon-mark-github"
                    fill="currentColor"
                    focusable="false"
                    height="16"
                    style="display: inline-block; user-select: none; vertical-align: text-bottom; overflow: visible;"
                    viewBox="0 0 16 16"
                    width="16"
                  >
                    <path
                      d="M8 0c4.42 0 8 3.58 8 8a8.013 8.013 0 0 1-5.45 7.59c-.4.08-.55-.17-.55-.38 0-.27.01-1.13.01-2.2 0-.75-.25-1.23-.54-1.48 1.78-.2 3.65-.88 3.65-3.95 0-.88-.31-1.59-.82-2.15.08-.2.36-1.02-.08-2.12 0 0-.67-.22-2.2.82-.64-.18-1.32-.27-2-.27-.68 0-1.36.09-2 .27-1.53-1.03-2.2-.82-2.2-.82-.44 1.1-.16 1.92-.08 2.12-.51.56-.82 1.28-.82 2.15 0 3.06 1.86 3.75 3.64 3.95-.23.2-.44.55-.51 1.07-.46.21-1.61.55-2.33-.66-.15-.24-.6-.83-1.23-.82-.67.01-.27.38.01.53.34.19.73.9.82 1.13.16.45.68 1.31 2.69.94 0 .67.01 1.3.01 1.49 0 .21-.15.45-.55.38A7.995 7.995 0 0 1 0 8c0-4.42 3.58-8 8-8Z"
                    />
                  </svg>
                </span>
                <div
                  class="Box-sc-g0xbh4-0 ieFVsI"
                  data-component="ActionList.Item--DividerContainer"
                  sx="[object Object]"
                >
                  <span
                    class="Box-sc-g0xbh4-0 RuIxx"
                    id=":r6:--label"
                    sx="[object Object]"
                  >
                    github.com
                  </span>
                </div>
              </li>
            </span>
            <span
              aria-label="Open Developer Settings"
              class="Tooltip__TooltipBase-sc-17tf59c-0 rtmEP tooltipped-e"
              id=":r7:"
              role="tooltip"
            >
              <li
                aria-labelledby=":r8:--label "
                class="Item__LiBox-sc-yeql7o-0 gGQhPB"
                data-testid="account-developer-settings"
                id=":r8:"
                sx="[object Object]"
                tabindex="0"
              >
                <span
                  class="Box-sc-g0xbh4-0 iEiwLL"
                  sx="[object Object]"
                >
                  <svg
                    aria-hidden="true"
                    class="octicon octicon-key"
                    fill="currentColor"
                    focusable="false"
                    height="16"
                    style="display: inline-block; user-select: none; vertical-align: text-bottom; overflow: visible;"
                    viewBox="0 0 16 16"
                    width="16"
                  >
                    <path
                      d="M10.5 0a5.499 5.499 0 1 1-1.288 10.848l-.932.932a.749.749 0 0 1-.53.22H7v.75a.749.749 0 0 1-.22.53l-.5.5a.749.749 0 0 1-.53.22H5v.75a.749.749 0 0 1-.22.53l-.5.5a.749.749 0 0 1-.53.22h-2A1.75 1.75 0 0 1 0 14.25v-2c0-.199.079-.389.22-.53l4.932-4.932A5.5 5.5 0 0 1 10.5 0Zm-4 5.5c-.001.431.069.86.205 1.269a.75.75 0 0 1-.181.768L1.5 12.56v1.69c0 .138.112.25.25.25h1.69l.06-.06v-1.19a.75.75 0 0 1 .75-.75h1.19l.06-.06v-1.19a.75.75 0 0 1 .75-.75h1.19l1.023-1.025a.75.75 0 0 1 .768-.18A4 4 0 1 0 6.5 5.5ZM11 6a1 1 0 1 1 0-2 1 1 0 0 1 0 2Z"
                    />
                  </svg>
                </span>
                <div
                  class="Box-sc-g0xbh4-0 ieFVsI"
                  data-component="ActionList.Item--DividerContainer"
                  sx="[object Object]"
                >
                  <span
                    class="Box-sc-g0xbh4-0 RuIxx"
                    id=":r8:--label"
                    sx="[object Object]"
                  >
                    Personal Access Token
                  </span>
                </div>
              </li>
            </span>
          </ul>
        </div>
        <div
          class="Stack__StyledStack-sc-x3xa2i-0 dStkQv"
          data-align="stretch"
          data-direction="horizontal"
          data-gap="condensed"
          data-justify="start"
          data-padding="none"
          data-wrap="nowrap"
        >
          <button
            aria-describedby=":ra:-loading-announcement"
            aria-labelledby=":r9:"
            class="types__StyledButton-sc-ws60qy-0 bBXWFS"
            data-component="IconButton"
            data-loading="false"
            data-no-visuals="true"
            data-testid="account-set-primary"
            sx="[object Object]"
            type="button"
          >
            <svg
              aria-hidden="true"
              class="octicon octicon-star-fill"
              fill="currentColor"
              focusable="false"
              height="16"
              style="display: inline-block; user-select: none; vertical-align: text-bottom; overflow: visible;"
              viewBox="0 0 16 16"
              width="16"
            >
              <path
                d="M8 .25a.75.75 0 0 1 .673.418l1.882 3.815 4.21.612a.75.75 0 0 1 .416 1.279l-3.046 2.97.719 4.192a.751.751 0 0 1-1.088.791L8 12.347l-3.766 1.98a.75.75 0 0 1-1.088-.79l.72-4.194L.818 6.374a.75.75 0 0 1 .416-1.28l4.21-.611L7.327.668A.75.75 0 0 1 8 .25Z"
              />
            </svg>
          </button>
          <span
            aria-hidden="true"
            class="Tooltip__StyledTooltip-sc-e45c7z-0 gdnrwk"
            data-direction="s"
            id=":r9:"
            popover="auto"
          >
            Primary account
          </span>
          <button
            aria-describedby=":rc:-loading-announcement"
            aria-labelledby=":rb:"
            class="types__StyledButton-sc-ws60qy-0 bBRiTk"
            data-component="IconButton"
            data-loading="false"
            data-no-visuals="true"
            data-testid="account-refresh"
            sx="[object Object]"
            type="button"
          >
            <svg
              aria-hidden="true"
              class="octicon octicon-sync"
              fill="currentColor"
              focusable="false"
              height="16"
              style="display: inline-block; user-select: none; vertical-align: text-bottom; overflow: visible;"
              viewBox="0 0 16 16"
              width="16"
            >
              <path
                d="M1.705 8.005a.75.75 0 0 1 .834.656 5.5 5.5 0 0 0 9.592 2.97l-1.204-1.204a.25.25 0 0 1 .177-.427h3.646a.25.25 0 0 1 .25.25v3.646a.25.25 0 0 1-.427.177l-1.38-1.38A7.002 7.002 0 0 1 1.05 8.84a.75.75 0 0 1 .656-.834ZM8 2.5a5.487 5.487 0 0 0-4.131 1.869l1.204 1.204A.25.25 0 0 1 4.896 6H1.25A.25.25 0 0 1 1 5.75V2.104a.25.25 0 0 1 .427-.177l1.38 1.38A7.002 7.002 0 0 1 14.95 7.16a.75.75 0 0 1-1.49.178A5.5 5.5 0 0 0 8 2.5Z"
              />
            </svg>
          </button>
          <span
            aria-hidden="true"
            class="Tooltip__StyledTooltip-sc-e45c7z-0 gdnrwk"
            data-direction="s"
            id=":rb:"
            popover="auto"
          >
            Refresh octocat
          </span>
          <button
            aria-describedby=":re:-loading-announcement"
            aria-labelledby=":rd:"
            class="types__StyledButton-sc-ws60qy-0 fxwkNN"
            data-component="IconButton"
            data-loading="false"
            data-no-visuals="true"
            data-testid="account-logout"
            sx="[object Object]"
            type="button"
          >
            <svg
              aria-hidden="true"
              class="octicon octicon-sign-out"
              fill="currentColor"
              focusable="false"
              height="16"
              style="display: inline-block; user-select: none; vertical-align: text-bottom; overflow: visible;"
              viewBox="0 0 16 16"
              width="16"
            >
              <path
                d="M2 2.75C2 1.784 2.784 1 3.75 1h2.5a.75.75 0 0 1 0 1.5h-2.5a.25.25 0 0 0-.25.25v10.5c0 .138.112.25.25.25h2.5a.75.75 0 0 1 0 1.5h-2.5A1.75 1.75 0 0 1 2 13.25Zm10.44 4.5-1.97-1.97a.749.749 0 0 1 .326-1.275.749.749 0 0 1 .734.215l3.25 3.25a.75.75 0 0 1 0 1.06l-3.25 3.25a.749.749 0 0 1-1.275-.326.749.749 0 0 1 .215-.734l1.97-1.97H6.75a.75.75 0 0 1 0-1.5Z"
              />
            </svg>
          </button>
          <span
            aria-hidden="true"
            class="Tooltip__StyledTooltip-sc-e45c7z-0 gdnrwk"
            data-direction="s"
            id=":rd:"
            popover="auto"
          >
            Logout octocat
          </span>
        </div>
      </div>
      <div
        class="mb-4 flex items-center justify-between rounded-md bg-gray-100 p-2 dark:bg-gray-sidebar"
      >
        <div
          class="Stack__StyledStack-sc-x3xa2i-0 dStkQv"
          data-align="stretch"
          data-direction="vertical"
          data-gap="none"
          data-justify="start"
          data-padding="none"
          data-wrap="nowrap"
        >
          <span
            aria-label="Open profile"
            class="Tooltip__TooltipBase-sc-17tf59c-0 rtmEP tooltipped-e"
            id=":rf:"
            role="tooltip"
          >
            <button
              aria-describedby=":rg:-loading-announcement"
              class="types__StyledButton-sc-ws60qy-0 bBRiTk"
              data-loading="false"
              data-no-visuals="true"
              data-testid="account-profile"
              sx="[object Object]"
              type="button"
            >
              <span
                class="Box-sc-g0xbh4-0 lbSBsX"
                data-component="buttonContent"
                sx="[object Object]"
              >
                <span
                  data-component="text"
                >
                  <div
                    class="Stack__StyledStack-sc-x3xa2i-0 dStkQv"
                    data-align="center"
                    data-direction="horizontal"
                    data-gap="condensed"
                    data-justify="start"
                    data-padding="none"
                    data-wrap="nowrap"
                  >
                    <img
                      alt=""
                      class="Avatar__StyledAvatar-sc-2lv0r8-0 cApoMI"
                      data-component="Avatar"
                      height="20"
                      size="20"
                      src="https://avatars.githubusercontent.com/u/583231?v=4"
                      sx="[object Object]"
                      width="20"
                    />
                    <span
                      class="Text-sc-17v1xeu-0 gCQeDW"
                    >
                      @
                      octocat
                    </span>
                    <i
                      class="Text-sc-17v1xeu-0 gCQeDW"
                    >
                      (
                      Mona Lisa Octocat
                      )
                    </i>
                  </div>
                </span>
              </span>
            </button>
          </span>
          <ul
            class="List__ListBox-sc-1x7olzq-0 EwMaC"
            sx="[object Object]"
          >
            <span
              aria-label="Open Host"
              class="Tooltip__TooltipBase-sc-17tf59c-0 rtmEP tooltipped-e"
              id=":ri:"
              role="tooltip"
            >
              <li
                aria-labelledby=":rj:--label "
                class="Item__LiBox-sc-yeql7o-0 gGQhPB"
                data-testid="account-host"
                id=":rj:"
                sx="[object Object]"
                tabindex="0"
              >
                <span
                  class="Box-sc-g0xbh4-0 iEiwLL"
                  sx="[object Object]"
                >
                  <svg
                    aria-hidden="true"
                    class="octicon octicon-server"
                    fill="currentColor"
                    focusable="false"
                    height="16"
                    style="display: inline-block; user-select: none; vertical-align: text-bottom; overflow: visible;"
                    viewBox="0 0 16 16"
                    width="16"
                  >
                    <path
                      d="M1.75 1h12.5c.966 0 1.75.784 1.75 1.75v4c0 .372-.116.717-.314 1 .198.283.314.628.314 1v4a1.75 1.75 0 0 1-1.75 1.75H1.75A1.75 1.75 0 0 1 0 12.75v-4c0-.358.109-.707.314-1a1.739 1.739 0 0 1-.314-1v-4C0 1.784.784 1 1.75 1ZM1.5 2.75v4c0 .138.112.25.25.25h12.5a.25.25 0 0 0 .25-.25v-4a.25.25 0 0 0-.25-.25H1.75a.25.25 0 0 0-.25.25Zm.25 5.75a.25.25 0 0 0-.25.25v4c0 .138.112.25.25.25h12.5a.25.25 0 0 0 .25-.25v-4a.25.25 0 0 0-.25-.25ZM7 4.75A.75.75 0 0 1 7.75 4h4.5a.75.75 0 0 1 0 1.5h-4.5A.75.75 0 0 1 7 4.75ZM7.75 10h4.5a.75.75 0 0 1 0 1.5h-4.5a.75.75 0 0 1 0-1.5ZM3 4.75A.75.75 0 0 1 3.75 4h.5a.75.75 0 0 1 0 1.5h-.5A.75.75 0 0 1 3 4.75ZM3.75 10h.5a.75.75 0 0 1 0 1.5h-.5a.75.75 0 0 1 0-1.5Z"
                    />
                  </svg>
                </span>
                <div
                  class="Box-sc-g0xbh4-0 ieFVsI"
                  data-component="ActionList.Item--DividerContainer"
                  sx="[object Object]"
                >
                  <span
                    class="Box-sc-g0xbh4-0 RuIxx"
                    id=":rj:--label"
                    sx="[object Object]"
                  >
                    github.gitify.io
                  </span>
                </div>
              </li>
            </span>
            <span
              aria-label="Open Developer Settings"
              class="Tooltip__TooltipBase-sc-17tf59c-0 rtmEP tooltipped-e"
              id=":rk:"
              role="tooltip"
            >
              <li
                aria-labelledby=":rl:--label "
                class="Item__LiBox-sc-yeql7o-0 gGQhPB"
                data-testid="account-developer-settings"
                id=":rl:"
                sx="[object Object]"
                tabindex="0"
              >
                <span
                  class="Box-sc-g0xbh4-0 iEiwLL"
                  sx="[object Object]"
                >
                  <svg
                    aria-hidden="true"
                    class="octicon octicon-person"
                    fill="currentColor"
                    focusable="false"
                    height="16"
                    style="display: inline-block; user-select: none; vertical-align: text-bottom; overflow: visible;"
                    viewBox="0 0 16 16"
                    width="16"
                  >
                    <path
                      d="M10.561 8.073a6.005 6.005 0 0 1 3.432 5.142.75.75 0 1 1-1.498.07 4.5 4.5 0 0 0-8.99 0 .75.75 0 0 1-1.498-.07 6.004 6.004 0 0 1 3.431-5.142 3.999 3.999 0 1 1 5.123 0ZM10.5 5a2.5 2.5 0 1 0-5 0 2.5 2.5 0 0 0 5 0Z"
                    />
                  </svg>
                </span>
                <div
                  class="Box-sc-g0xbh4-0 ieFVsI"
                  data-component="ActionList.Item--DividerContainer"
                  sx="[object Object]"
                >
                  <span
                    class="Box-sc-g0xbh4-0 RuIxx"
                    id=":rl:--label"
                    sx="[object Object]"
                  >
                    OAuth App
                  </span>
                </div>
              </li>
            </span>
          </ul>
        </div>
        <div
          class="Stack__StyledStack-sc-x3xa2i-0 dStkQv"
          data-align="stretch"
          data-direction="horizontal"
          data-gap="condensed"
          data-justify="start"
          data-padding="none"
          data-wrap="nowrap"
        >
          <button
            aria-describedby=":rn:-loading-announcement"
            aria-labelledby=":rm:"
            class="types__StyledButton-sc-ws60qy-0 bBRiTk"
            data-component="IconButton"
            data-loading="false"
            data-no-visuals="true"
            data-testid="account-set-primary"
            sx="[object Object]"
            type="button"
          >
            <svg
              aria-hidden="true"
              class="octicon octicon-star"
              fill="currentColor"
              focusable="false"
              height="16"
              style="display: inline-block; user-select: none; vertical-align: text-bottom; overflow: visible;"
              viewBox="0 0 16 16"
              width="16"
            >
              <path
                d="M8 .25a.75.75 0 0 1 .673.418l1.882 3.815 4.21.612a.75.75 0 0 1 .416 1.279l-3.046 2.97.719 4.192a.751.751 0 0 1-1.088.791L8 12.347l-3.766 1.98a.75.75 0 0 1-1.088-.79l.72-4.194L.818 6.374a.75.75 0 0 1 .416-1.28l4.21-.611L7.327.668A.75.75 0 0 1 8 .25Zm0 2.445L6.615 5.5a.75.75 0 0 1-.564.41l-3.097.45 2.24 2.184a.75.75 0 0 1 .216.664l-.528 3.084 2.769-1.456a.75.75 0 0 1 .698 0l2.77 1.456-.53-3.084a.75.75 0 0 1 .216-.664l2.24-2.183-3.096-.45a.75.75 0 0 1-.564-.41L8 2.694Z"
              />
            </svg>
          </button>
          <span
            aria-hidden="true"
            class="Tooltip__StyledTooltip-sc-e45c7z-0 gdnrwk"
            data-direction="s"
            id=":rm:"
            popover="auto"
          >
            Set as primary account
          </span>
          <button
            aria-describedby=":rp:-loading-announcement"
            aria-labelledby=":ro:"
            class="types__StyledButton-sc-ws60qy-0 bBRiTk"
            data-component="IconButton"
            data-loading="false"
            data-no-visuals="true"
            data-testid="account-refresh"
            sx="[object Object]"
            type="button"
          >
            <svg
              aria-hidden="true"
              class="octicon octicon-sync"
              fill="currentColor"
              focusable="false"
              height="16"
              style="display: inline-block; user-select: none; vertical-align: text-bottom; overflow: visible;"
              viewBox="0 0 16 16"
              width="16"
            >
              <path
                d="M1.705 8.005a.75.75 0 0 1 .834.656 5.5 5.5 0 0 0 9.592 2.97l-1.204-1.204a.25.25 0 0 1 .177-.427h3.646a.25.25 0 0 1 .25.25v3.646a.25.25 0 0 1-.427.177l-1.38-1.38A7.002 7.002 0 0 1 1.05 8.84a.75.75 0 0 1 .656-.834ZM8 2.5a5.487 5.487 0 0 0-4.131 1.869l1.204 1.204A.25.25 0 0 1 4.896 6H1.25A.25.25 0 0 1 1 5.75V2.104a.25.25 0 0 1 .427-.177l1.38 1.38A7.002 7.002 0 0 1 14.95 7.16a.75.75 0 0 1-1.49.178A5.5 5.5 0 0 0 8 2.5Z"
              />
            </svg>
          </button>
          <span
            aria-hidden="true"
            class="Tooltip__StyledTooltip-sc-e45c7z-0 gdnrwk"
            data-direction="s"
            id=":ro:"
            popover="auto"
          >
            Refresh octocat
          </span>
          <button
            aria-describedby=":rr:-loading-announcement"
            aria-labelledby=":rq:"
            class="types__StyledButton-sc-ws60qy-0 fxwkNN"
            data-component="IconButton"
            data-loading="false"
            data-no-visuals="true"
            data-testid="account-logout"
            sx="[object Object]"
            type="button"
          >
            <svg
              aria-hidden="true"
              class="octicon octicon-sign-out"
              fill="currentColor"
              focusable="false"
              height="16"
              style="display: inline-block; user-select: none; vertical-align: text-bottom; overflow: visible;"
              viewBox="0 0 16 16"
              width="16"
            >
              <path
                d="M2 2.75C2 1.784 2.784 1 3.75 1h2.5a.75.75 0 0 1 0 1.5h-2.5a.25.25 0 0 0-.25.25v10.5c0 .138.112.25.25.25h2.5a.75.75 0 0 1 0 1.5h-2.5A1.75 1.75 0 0 1 2 13.25Zm10.44 4.5-1.97-1.97a.749.749 0 0 1 .326-1.275.749.749 0 0 1 .734.215l3.25 3.25a.75.75 0 0 1 0 1.06l-3.25 3.25a.749.749 0 0 1-1.275-.326.749.749 0 0 1 .215-.734l1.97-1.97H6.75a.75.75 0 0 1 0-1.5Z"
              />
            </svg>
          </button>
          <span
            aria-hidden="true"
            class="Tooltip__StyledTooltip-sc-e45c7z-0 gdnrwk"
            data-direction="s"
            id=":rq:"
            popover="auto"
          >
            Logout octocat
          </span>
        </div>
      </div>
      <div
        class="mb-4 flex items-center justify-between rounded-md bg-gray-100 p-2 dark:bg-gray-sidebar"
      >
        <div
          class="Stack__StyledStack-sc-x3xa2i-0 dStkQv"
          data-align="stretch"
          data-direction="vertical"
          data-gap="none"
          data-justify="start"
          data-padding="none"
          data-wrap="nowrap"
        >
          <span
            aria-label="Open profile"
            class="Tooltip__TooltipBase-sc-17tf59c-0 rtmEP tooltipped-e"
            id=":rs:"
            role="tooltip"
          >
            <button
              aria-describedby=":rt:-loading-announcement"
              class="types__StyledButton-sc-ws60qy-0 bBRiTk"
              data-loading="false"
              data-no-visuals="true"
              data-testid="account-profile"
              sx="[object Object]"
              type="button"
            >
              <span
                class="Box-sc-g0xbh4-0 lbSBsX"
                data-component="buttonContent"
                sx="[object Object]"
              >
                <span
                  data-component="text"
                >
                  <div
                    class="Stack__StyledStack-sc-x3xa2i-0 dStkQv"
                    data-align="center"
                    data-direction="horizontal"
                    data-gap="condensed"
                    data-justify="start"
                    data-padding="none"
                    data-wrap="nowrap"
                  >
                    <img
                      alt=""
                      class="Avatar__StyledAvatar-sc-2lv0r8-0 cApoMI"
                      data-component="Avatar"
                      height="20"
                      size="20"
                      src="https://avatars.githubusercontent.com/u/583231?v=4"
                      sx="[object Object]"
                      width="20"
                    />
                    <span
                      class="Text-sc-17v1xeu-0 gCQeDW"
                    >
                      @
                      octocat
                    </span>
                    <i
                      class="Text-sc-17v1xeu-0 gCQeDW"
                    >
                      (
                      Mona Lisa Octocat
                      )
                    </i>
                  </div>
                </span>
              </span>
            </button>
          </span>
          <ul
            class="List__ListBox-sc-1x7olzq-0 EwMaC"
            sx="[object Object]"
          >
            <span
              aria-label="Open Host"
              class="Tooltip__TooltipBase-sc-17tf59c-0 rtmEP tooltipped-e"
              id=":rv:"
              role="tooltip"
            >
              <li
                aria-labelledby=":r10:--label "
                class="Item__LiBox-sc-yeql7o-0 gGQhPB"
                data-testid="account-host"
                id=":r10:"
                sx="[object Object]"
                tabindex="0"
              >
                <span
                  class="Box-sc-g0xbh4-0 iEiwLL"
                  sx="[object Object]"
                >
                  <svg
                    aria-hidden="true"
                    class="octicon octicon-mark-github"
                    fill="currentColor"
                    focusable="false"
                    height="16"
                    style="display: inline-block; user-select: none; vertical-align: text-bottom; overflow: visible;"
                    viewBox="0 0 16 16"
                    width="16"
                  >
                    <path
                      d="M8 0c4.42 0 8 3.58 8 8a8.013 8.013 0 0 1-5.45 7.59c-.4.08-.55-.17-.55-.38 0-.27.01-1.13.01-2.2 0-.75-.25-1.23-.54-1.48 1.78-.2 3.65-.88 3.65-3.95 0-.88-.31-1.59-.82-2.15.08-.2.36-1.02-.08-2.12 0 0-.67-.22-2.2.82-.64-.18-1.32-.27-2-.27-.68 0-1.36.09-2 .27-1.53-1.03-2.2-.82-2.2-.82-.44 1.1-.16 1.92-.08 2.12-.51.56-.82 1.28-.82 2.15 0 3.06 1.86 3.75 3.64 3.95-.23.2-.44.55-.51 1.07-.46.21-1.61.55-2.33-.66-.15-.24-.6-.83-1.23-.82-.67.01-.27.38.01.53.34.19.73.9.82 1.13.16.45.68 1.31 2.69.94 0 .67.01 1.3.01 1.49 0 .21-.15.45-.55.38A7.995 7.995 0 0 1 0 8c0-4.42 3.58-8 8-8Z"
                    />
                  </svg>
                </span>
                <div
                  class="Box-sc-g0xbh4-0 ieFVsI"
                  data-component="ActionList.Item--DividerContainer"
                  sx="[object Object]"
                >
                  <span
                    class="Box-sc-g0xbh4-0 RuIxx"
                    id=":r10:--label"
                    sx="[object Object]"
                  >
                    github.com
                  </span>
                </div>
              </li>
            </span>
            <span
              aria-label="Open Developer Settings"
              class="Tooltip__TooltipBase-sc-17tf59c-0 rtmEP tooltipped-e"
              id=":r11:"
              role="tooltip"
            >
              <li
                aria-labelledby=":r12:--label "
                class="Item__LiBox-sc-yeql7o-0 gGQhPB"
                data-testid="account-developer-settings"
                id=":r12:"
                sx="[object Object]"
                tabindex="0"
              >
                <span
                  class="Box-sc-g0xbh4-0 iEiwLL"
                  sx="[object Object]"
                >
                  <svg
                    aria-hidden="true"
                    class="octicon octicon-apps"
                    fill="currentColor"
                    focusable="false"
                    height="16"
                    style="display: inline-block; user-select: none; vertical-align: text-bottom; overflow: visible;"
                    viewBox="0 0 16 16"
                    width="16"
                  >
                    <path
                      d="M1.5 3.25c0-.966.784-1.75 1.75-1.75h2.5c.966 0 1.75.784 1.75 1.75v2.5A1.75 1.75 0 0 1 5.75 7.5h-2.5A1.75 1.75 0 0 1 1.5 5.75Zm7 0c0-.966.784-1.75 1.75-1.75h2.5c.966 0 1.75.784 1.75 1.75v2.5a1.75 1.75 0 0 1-1.75 1.75h-2.5A1.75 1.75 0 0 1 8.5 5.75Zm-7 7c0-.966.784-1.75 1.75-1.75h2.5c.966 0 1.75.784 1.75 1.75v2.5a1.75 1.75 0 0 1-1.75 1.75h-2.5a1.75 1.75 0 0 1-1.75-1.75Zm7 0c0-.966.784-1.75 1.75-1.75h2.5c.966 0 1.75.784 1.75 1.75v2.5a1.75 1.75 0 0 1-1.75 1.75h-2.5a1.75 1.75 0 0 1-1.75-1.75ZM3.25 3a.25.25 0 0 0-.25.25v2.5c0 .138.112.25.25.25h2.5A.25.25 0 0 0 6 5.75v-2.5A.25.25 0 0 0 5.75 3Zm7 0a.25.25 0 0 0-.25.25v2.5c0 .138.112.25.25.25h2.5a.25.25 0 0 0 .25-.25v-2.5a.25.25 0 0 0-.25-.25Zm-7 7a.25.25 0 0 0-.25.25v2.5c0 .138.112.25.25.25h2.5a.25.25 0 0 0 .25-.25v-2.5a.25.25 0 0 0-.25-.25Zm7 0a.25.25 0 0 0-.25.25v2.5c0 .138.112.25.25.25h2.5a.25.25 0 0 0 .25-.25v-2.5a.25.25 0 0 0-.25-.25Z"
                    />
                  </svg>
                </span>
                <div
                  class="Box-sc-g0xbh4-0 ieFVsI"
                  data-component="ActionList.Item--DividerContainer"
                  sx="[object Object]"
                >
                  <span
                    class="Box-sc-g0xbh4-0 RuIxx"
                    id=":r12:--label"
                    sx="[object Object]"
                  >
                    GitHub App
                  </span>
                </div>
              </li>
            </span>
          </ul>
        </div>
        <div
          class="Stack__StyledStack-sc-x3xa2i-0 dStkQv"
          data-align="stretch"
          data-direction="horizontal"
          data-gap="condensed"
          data-justify="start"
          data-padding="none"
          data-wrap="nowrap"
        >
          <button
            aria-describedby=":r14:-loading-announcement"
            aria-labelledby=":r13:"
            class="types__StyledButton-sc-ws60qy-0 bBRiTk"
            data-component="IconButton"
            data-loading="false"
            data-no-visuals="true"
            data-testid="account-set-primary"
            sx="[object Object]"
            type="button"
          >
            <svg
              aria-hidden="true"
              class="octicon octicon-star"
              fill="currentColor"
              focusable="false"
              height="16"
              style="display: inline-block; user-select: none; vertical-align: text-bottom; overflow: visible;"
              viewBox="0 0 16 16"
              width="16"
            >
              <path
                d="M8 .25a.75.75 0 0 1 .673.418l1.882 3.815 4.21.612a.75.75 0 0 1 .416 1.279l-3.046 2.97.719 4.192a.751.751 0 0 1-1.088.791L8 12.347l-3.766 1.98a.75.75 0 0 1-1.088-.79l.72-4.194L.818 6.374a.75.75 0 0 1 .416-1.28l4.21-.611L7.327.668A.75.75 0 0 1 8 .25Zm0 2.445L6.615 5.5a.75.75 0 0 1-.564.41l-3.097.45 2.24 2.184a.75.75 0 0 1 .216.664l-.528 3.084 2.769-1.456a.75.75 0 0 1 .698 0l2.77 1.456-.53-3.084a.75.75 0 0 1 .216-.664l2.24-2.183-3.096-.45a.75.75 0 0 1-.564-.41L8 2.694Z"
              />
            </svg>
          </button>
          <span
            aria-hidden="true"
            class="Tooltip__StyledTooltip-sc-e45c7z-0 gdnrwk"
            data-direction="s"
            id=":r13:"
            popover="auto"
          >
            Set as primary account
          </span>
          <button
            aria-describedby=":r16:-loading-announcement"
            aria-labelledby=":r15:"
            class="types__StyledButton-sc-ws60qy-0 bBRiTk"
            data-component="IconButton"
            data-loading="false"
            data-no-visuals="true"
            data-testid="account-refresh"
            sx="[object Object]"
            type="button"
          >
            <svg
              aria-hidden="true"
              class="octicon octicon-sync"
              fill="currentColor"
              focusable="false"
              height="16"
              style="display: inline-block; user-select: none; vertical-align: text-bottom; overflow: visible;"
              viewBox="0 0 16 16"
              width="16"
            >
              <path
                d="M1.705 8.005a.75.75 0 0 1 .834.656 5.5 5.5 0 0 0 9.592 2.97l-1.204-1.204a.25.25 0 0 1 .177-.427h3.646a.25.25 0 0 1 .25.25v3.646a.25.25 0 0 1-.427.177l-1.38-1.38A7.002 7.002 0 0 1 1.05 8.84a.75.75 0 0 1 .656-.834ZM8 2.5a5.487 5.487 0 0 0-4.131 1.869l1.204 1.204A.25.25 0 0 1 4.896 6H1.25A.25.25 0 0 1 1 5.75V2.104a.25.25 0 0 1 .427-.177l1.38 1.38A7.002 7.002 0 0 1 14.95 7.16a.75.75 0 0 1-1.49.178A5.5 5.5 0 0 0 8 2.5Z"
              />
            </svg>
          </button>
          <span
            aria-hidden="true"
            class="Tooltip__StyledTooltip-sc-e45c7z-0 gdnrwk"
            data-direction="s"
            id=":r15:"
            popover="auto"
          >
            Refresh octocat
          </span>
          <button
            aria-describedby=":r18:-loading-announcement"
            aria-labelledby=":r17:"
            class="types__StyledButton-sc-ws60qy-0 fxwkNN"
            data-component="IconButton"
            data-loading="false"
            data-no-visuals="true"
            data-testid="account-logout"
            sx="[object Object]"
            type="button"
          >
            <svg
              aria-hidden="true"
              class="octicon octicon-sign-out"
              fill="currentColor"
              focusable="false"
              height="16"
              style="display: inline-block; user-select: none; vertical-align: text-bottom; overflow: visible;"
              viewBox="0 0 16 16"
              width="16"
            >
              <path
                d="M2 2.75C2 1.784 2.784 1 3.75 1h2.5a.75.75 0 0 1 0 1.5h-2.5a.25.25 0 0 0-.25.25v10.5c0 .138.112.25.25.25h2.5a.75.75 0 0 1 0 1.5h-2.5A1.75 1.75 0 0 1 2 13.25Zm10.44 4.5-1.97-1.97a.749.749 0 0 1 .326-1.275.749.749 0 0 1 .734.215l3.25 3.25a.75.75 0 0 1 0 1.06l-3.25 3.25a.749.749 0 0 1-1.275-.326.749.749 0 0 1 .215-.734l1.97-1.97H6.75a.75.75 0 0 1 0-1.5Z"
              />
            </svg>
          </button>
          <span
            aria-hidden="true"
            class="Tooltip__StyledTooltip-sc-e45c7z-0 gdnrwk"
            data-direction="s"
            id=":r17:"
            popover="auto"
          >
            Logout octocat
          </span>
        </div>
      </div>
    </div>
  </div>
  <div
    class="flex items-center justify-end bg-gray-200 px-8 py-1 text-sm dark:bg-gray-darker"
  >
    <button
      aria-describedby=":r19:-loading-announcement"
      aria-expanded="false"
      aria-haspopup="true"
      class="types__StyledButton-sc-ws60qy-0 bBRiTk"
      data-loading="false"
      id=":r19:"
      sx="[object Object]"
      tabindex="0"
      type="button"
    >
      <span
        class="Box-sc-g0xbh4-0 lbSBsX"
        data-component="buttonContent"
        sx="[object Object]"
      >
        <span
          class="Box-sc-g0xbh4-0 bPvALJ"
          data-component="leadingVisual"
          sx="[object Object]"
        >
          <svg
            aria-hidden="true"
            class="octicon octicon-person-add"
            fill="currentColor"
            focusable="false"
            height="16"
            style="display: inline-block; user-select: none; vertical-align: text-bottom; overflow: visible;"
            viewBox="0 0 16 16"
            width="16"
          >
            <path
              d="M7.9 8.548h-.001a5.528 5.528 0 0 1 3.1 4.659.75.75 0 1 1-1.498.086A4.01 4.01 0 0 0 5.5 9.5a4.01 4.01 0 0 0-4.001 3.793.75.75 0 1 1-1.498-.085 5.527 5.527 0 0 1 3.1-4.66 3.5 3.5 0 1 1 4.799 0ZM13.25 0a.75.75 0 0 1 .75.75V2h1.25a.75.75 0 0 1 0 1.5H14v1.25a.75.75 0 0 1-1.5 0V3.5h-1.25a.75.75 0 0 1 0-1.5h1.25V.75a.75.75 0 0 1 .75-.75ZM5.5 4a2 2 0 1 0-.001 3.999A2 2 0 0 0 5.5 4Z"
            />
          </svg>
        </span>
        <span
          data-component="text"
        >
          Add new account
        </span>
      </span>
    </button>
  </div>
</div>
`;
